Component: ARM Compiler 5.06 update 7 (build 960) Tool: armlink [4d3601]

==============================================================================

Section Cross References

    main.o(.text) refers to lcd.o(.text) for LCD_DisplayString
    main.o(.text) refers to misc.o(.text) for NVIC_PriorityGroupConfig
    main.o(.text) refers to common.o(.text) for delay_init
    main.o(.text) refers to usart4_wifi.o(.text) for ESP8266_init
    main.o(.text) refers to key.o(.text) for KEY_Init
    main.o(.text) refers to led.o(.text) for LED_Init
    main.o(.text) refers to beep.o(.text) for BEEP_Init
    main.o(.text) refers to rtc.o(.text) for RTC_InitConfig
    main.o(.text) refers to rtc.o(.data) for RTC_DateStruct
    main.o(.text) refers to main.o(.data) for weekdate
    main.o(.text) refers to lcd.o(.data) for BRUSH_COLOR
    main.o(.text) refers to usart4_wifi.o(.data) for APP_mode
    main.o(.text) refers to key.o(.data) for keyup_data
    main.o(.data) refers to main.o(.conststring) for .conststring
    startup_stm32f40_41xxx.o(STACK) refers (Special) to heapauxi.o(.text) for __use_two_region_memory
    startup_stm32f40_41xxx.o(HEAP) refers (Special) to heapauxi.o(.text) for __use_two_region_memory
    startup_stm32f40_41xxx.o(RESET) refers (Special) to heapauxi.o(.text) for __use_two_region_memory
    startup_stm32f40_41xxx.o(RESET) refers to startup_stm32f40_41xxx.o(STACK) for __initial_sp
    startup_stm32f40_41xxx.o(RESET) refers to startup_stm32f40_41xxx.o(.text) for Reset_Handler
    startup_stm32f40_41xxx.o(RESET) refers to stm32f4xx_it.o(.text) for NMI_Handler
    startup_stm32f40_41xxx.o(RESET) refers to rtc.o(.text) for RTC_WKUP_IRQHandler
    startup_stm32f40_41xxx.o(RESET) refers to usart1.o(.text) for USART1_IRQHandler
    startup_stm32f40_41xxx.o(RESET) refers to usart3.o(.text) for USART3_IRQHandler
    startup_stm32f40_41xxx.o(RESET) refers to usart4_wifi.o(.text) for UART4_IRQHandler
    startup_stm32f40_41xxx.o(.text) refers (Special) to heapauxi.o(.text) for __use_two_region_memory
    startup_stm32f40_41xxx.o(.text) refers to system_stm32f4xx.o(.text) for SystemInit
    startup_stm32f40_41xxx.o(.text) refers to __main.o(!!!main) for __main
    startup_stm32f40_41xxx.o(.text) refers to startup_stm32f40_41xxx.o(HEAP) for Heap_Mem
    startup_stm32f40_41xxx.o(.text) refers to startup_stm32f40_41xxx.o(STACK) for Stack_Mem
    system_stm32f4xx.o(.text) refers to system_stm32f4xx.o(.data) for SystemCoreClock
    key.o(.text) refers to stm32f4xx_rcc.o(.text) for RCC_AHB1PeriphClockCmd
    key.o(.text) refers to stm32f4xx_gpio.o(.text) for GPIO_Init
    key.o(.text) refers to key.o(.data) for keyup_data
    led.o(.text) refers to stm32f4xx_rcc.o(.text) for RCC_AHB1PeriphClockCmd
    led.o(.text) refers to stm32f4xx_gpio.o(.text) for GPIO_Init
    lcd.o(.text) refers to common.o(.text) for delay_us
    lcd.o(.text) refers to lcd.o(.data) for write_gramcmd
    lcd.o(.text) refers to stm32f4xx_rcc.o(.text) for RCC_AHB1PeriphClockCmd
    lcd.o(.text) refers to stm32f4xx_gpio.o(.text) for GPIO_Init
    lcd.o(.text) refers to stm32f4xx_fsmc.o(.text) for FSMC_NORSRAMInit
    lcd.o(.text) refers to lcd.o(.constdata) for char_1206
    beep.o(.text) refers to stm32f4xx_rcc.o(.text) for RCC_AHB1PeriphClockCmd
    beep.o(.text) refers to stm32f4xx_gpio.o(.text) for GPIO_Init
    usart4_wifi.o(.text) refers to stm32f4xx_rcc.o(.text) for RCC_AHB1PeriphClockCmd
    usart4_wifi.o(.text) refers to stm32f4xx_usart.o(.text) for USART_DeInit
    usart4_wifi.o(.text) refers to stm32f4xx_gpio.o(.text) for GPIO_PinAFConfig
    usart4_wifi.o(.text) refers to misc.o(.text) for NVIC_Init
    usart4_wifi.o(.text) refers to common.o(.text) for delay_ms
    usart4_wifi.o(.text) refers to strcmpv7m.o(.text) for strcmp
    usart4_wifi.o(.text) refers to lcd.o(.text) for LCD_DisplayString
    usart4_wifi.o(.text) refers to usart1.o(.text) for rou_mianji_open
    usart4_wifi.o(.text) refers to rtc.o(.text) for RTC_SetTimes
    usart4_wifi.o(.text) refers to usart4_wifi.o(.data) for MODE
    usart4_wifi.o(.text) refers to usart4_wifi.o(.bss) for receive_str4
    usart4_wifi.o(.text) refers to rtc.o(.data) for RTC_DateStruct
    rtc.o(.text) refers to stm32f4xx_rtc.o(.text) for RTC_SetDate
    rtc.o(.text) refers to stm32f4xx_rcc.o(.text) for RCC_LSEConfig
    rtc.o(.text) refers to common.o(.text) for delay_ms
    rtc.o(.text) refers to stm32f4xx_exti.o(.text) for EXTI_ClearITPendingBit
    rtc.o(.text) refers to misc.o(.text) for NVIC_Init
    rtc.o(.text) refers to stm32f4xx_pwr.o(.text) for PWR_BackupAccessCmd
    rtc.o(.text) refers to rtc.o(.constdata) for month_amendBuf
    rtc.o(.text) refers to rtc.o(.data) for RTC_DateStruct
    ds18b20.o(.text) refers to common.o(.text) for delay_us
    ds18b20.o(.text) refers to stm32f4xx_rcc.o(.text) for RCC_AHB1PeriphClockCmd
    ds18b20.o(.text) refers to stm32f4xx_gpio.o(.text) for GPIO_Init
    ds18b20.o(.text) refers to dflt_clz.o(x$fpl$dflt) for __aeabi_i2d
[...]
    .text                                    0x08005e74   Section       78  rt_memclr_w.o(.text)
    .text                                    0x08005ec4   Section        8  libspace.o(.text)
    .text                                    0x08005ecc   Section        2  use_no_semi.o(.text)
    .text                                    0x08005ece   Section        0  indicate_semi.o(.text)
    .text                                    0x08005ed0   Section        8  rt_heap_descriptor_intlibspace.o(.text)
    .text                                    0x08005ed8   Section        0  hguard.o(.text)
    .text                                    0x08005edc   Section        0  init_alloc.o(.text)
    .text                                    0x08005f66   Section        0  h1_alloc.o(.text)
    .text                                    0x08005fc4   Section        0  fseek.o(.text)
    .text                                    0x080060bc   Section        0  stdio.o(.text)
    .text                                    0x080061ac   Section        0  defsig_exit.o(.text)
    .text                                    0x080061b8   Section        0  defsig_rtred_inner.o(.text)
    .text                                    0x080061ec   Section        0  strlen.o(.text)
    .text                                    0x0800622c   Section        0  sys_exit.o(.text)
    .text                                    0x08006238   Section        0  h1_init.o(.text)
    .text                                    0x08006246   Section        0  h1_extend.o(.text)
    .text                                    0x0800627a   Section        0  ftell.o(.text)
    .text                                    0x080062bc   Section        0  defsig_general.o(.text)
    .text                                    0x080062ee   Section        0  defsig_rtmem_outer.o(.text)
    .text                                    0x080062fc   Section        0  sys_wrch.o(.text)
    .text                                    0x0800630c   Section        8  rt_errno_addr_intlibspace.o(.text)
    .text                                    0x08006314   Section        0  defsig_rtmem_inner.o(.text)
    x$fpl$fpinit                             0x08006364   Section       10  fpinit.o(x$fpl$fpinit)
    $v0                                      0x08006364   Number         0  fpinit.o(x$fpl$fpinit)
    .constdata                               0x0800636e   Section     7220  lcd.o(.constdata)
    .constdata                               0x08007fa2   Section       12  rtc.o(.constdata)
    .constdata                               0x08007fb0   Section       28  stm32f4xx_fsmc.o(.constdata)
    .constdata                               0x08007fcc   Section        4  sys_io.o(.constdata)
    .constdata                               0x08007fd0   Section        4  sys_io.o(.constdata)
    .constdata                               0x08007fd4   Section        4  sys_io.o(.constdata)
    .conststring                             0x08007fd8   Section       65  main.o(.conststring)
    .data                                    0x20000000   Section       28  main.o(.data)
    .data                                    0x2000001c   Section       20  system_stm32f4xx.o(.data)
    .data                                    0x20000030   Section        6  key.o(.data)
    .data                                    0x20000036   Section       18  lcd.o(.data)
    .data                                    0x20000048   Section      118  usart4_wifi.o(.data)
    .data                                    0x200000be   Section       12  rtc.o(.data)
    .data                                    0x200000ca   Section        3  usart3.o(.data)
    i                                        0x200000cc   Data           1  usart3.o(.data)
    .data                                    0x200000d0   Section        8  usart1.o(.data)
    .data                                    0x200000d8   Section       16  stm32f4xx_rcc.o(.data)
    APBAHBPrescTable                         0x200000d8   Data          16  stm32f4xx_rcc.o(.data)
    .data                                    0x200000e8   Section        4  common.o(.data)
    fac_us                                   0x200000e8   Data           1  common.o(.data)
    fac_ms                                   0x200000ea   Data           2  common.o(.data)
    .data                                    0x200000ec   Section        4  stdio_streams.o(.data)
    .data                                    0x200000f0   Section        4  stdio_streams.o(.data)
    .data                                    0x200000f4   Section        4  stdio_streams.o(.data)
    .bss                                     0x200000f8   Section      200  usart4_wifi.o(.bss)
    .bss                                     0x200001c0   Section      160  usart3.o(.bss)
    rebuf3                                   0x2000024c   Data          20  usart3.o(.bss)
    .bss                                     0x20000260   Section      100  usart1.o(.bss)
    .bss                                     0x200002c4   Section       84  stdio_streams.o(.bss)
    .bss                                     0x20000318   Section       84  stdio_streams.o(.bss)
    .bss                                     0x2000036c   Section       84  stdio_streams.o(.bss)
    .bss                                     0x200003c0   Section       96  libspace.o(.bss)
    HEAP                                     0x20000420   Section      512  startup_stm32f40_41xxx.o(HEAP)
    Heap_Mem                                 0x20000420   Data         512  startup_stm32f40_41xxx.o(HEAP)
    STACK                                    0x20000620   Section     1024  startup_stm32f40_41xxx.o(STACK)
    Stack_Mem                                0x20000620   Data        1024  startup_stm32f40_41xxx.o(STACK)
    __initial_sp                             0x20000a20   Data           0  startup_stm32f40_41xxx.o(STACK)

    Global Symbols

    Symbol Name                              Value     Ov Type        Size  Object(Section)

    BuildAttributes$$THM_ISAv4$E$P$D$K$B$S$7EM$VFPi3$EXTD16$VFPS$VFMA$PE$A:L22UL41UL21$X:L11$S22US41US21$IEEE1$IW$USESV6$~STKCKD$USESV7$~SHL$OTIME$ROPI$EBA8$UX$STANDARDLIB$REQ8$PRES8$EABIv2 0x00000000   Number         0  anon$$obj.o ABSOLUTE
    __ARM_use_no_argv                        0x00000000   Number         0  main.o ABSOLUTE
    __ARM_exceptions_init                     - Undefined Weak Reference
    __alloca_initialize                       - Undefined Weak Reference
    __arm_fini_                               - Undefined Weak Reference
    __arm_preinit_                            - Undefined Weak Reference
    __cpp_initialize__aeabi_                  - Undefined Weak Reference
    __cxa_finalize                            - Undefined Weak Reference
    __rt_locale                               - Undefined Weak Reference
    __sigvec_lookup                           - Undefined Weak Reference
    __user_heap_extent                        - Undefined Weak Reference
    _atexit_init                              - Undefined Weak Reference
    _call_atexit_fns                          - Undefined Weak Reference
    _clock_init                               - Undefined Weak Reference
    _fp_trap_init                             - Undefined Weak Reference
    _fp_trap_shutdown                         - Undefined Weak Reference
    _get_lc_collate                           - Undefined Weak Reference
    _get_lc_ctype                             - Undefined Weak Reference
    _get_lc_monetary                          - Undefined Weak Reference
    _get_lc_numeric                           - Undefined Weak Reference
    _get_lc_time                              - Undefined Weak Reference
    _getenv_init                              - Undefined Weak Reference
    _handle_redirection                       - Undefined Weak Reference
    _mutex_acquire                            - Undefined Weak Reference
    _mutex_free                               - Undefined Weak Reference
    _mutex_release                            - Undefined Weak Reference
    _rand_init                                - Undefined Weak Reference
    _signal_finish                            - Undefined Weak Reference
    _signal_init                              - Undefined Weak Reference
    __Vectors_Size                           0x00000188   Number         0  startup_stm32f40_41xxx.o ABSOLUTE
    __Vectors                                0x08000000   Data           4  startup_stm32f40_41xxx.o(RESET)
    __Vectors_End                            0x08000188   Data           0  startup_stm32f40_41xxx.o(RESET)
    __main                                   0x08000189   Thumb Code     8  __main.o(!!!main)
    __scatterload                            0x08000191   Thumb Code     0  __scatter.o(!!!scatter)
    __scatterload_rt2                        0x08000191   Thumb Code    44  __scatter.o(!!!scatter)
    __scatterload_rt2_thumb_only             0x08000191   Thumb Code     0  __scatter.o(!!!scatter)
    __scatterload_null                       0x0800019f   Thumb Code     0  __scatter.o(!!!scatter)
    __scatterload_copy                       0x080001c5   Thumb Code    26  __scatter_copy.o(!!handler_copy)
    __scatterload_zeroinit                   0x080001e1   Thumb Code    28  __scatter_zi.o(!!handler_zi)
    __rt_lib_init                            0x080001fd   Thumb Code     0  libinit.o(.ARM.Collect$$libinit$$00000000)
    __rt_lib_init_fp_1                       0x080001ff   Thumb Code     0  libinit2.o(.ARM.Collect$$libinit$$00000001)
    __rt_lib_init_heap_2                     0x08000203   Thumb Code     0  libinit2.o(.ARM.Collect$$libinit$$00000005)
    __rt_lib_init_preinit_1                  0x08000203   Thumb Code     0  libinit2.o(.ARM.Collect$$libinit$$00000004)
    __rt_lib_init_atexit_1                   0x0800020b   Thumb Code     0  libinit2.o(.ARM.Collect$$libinit$$0000001B)
    __rt_lib_init_clock_1                    0x0800020b   Thumb Code     0  libinit2.o(.ARM.Collect$$libinit$$00000021)
    __rt_lib_init_fp_trap_1                  0x0800020b   Thumb Code     0  libinit2.o(.ARM.Collect$$libinit$$0000001F)
    __rt_lib_init_getenv_1                   0x0800020b   Thumb Code     0  libinit2.o(.ARM.Collect$$libinit$$00000023)
    __rt_lib_init_heap_1                     0x0800020b   Thumb Code     0  libinit2.o(.ARM.Collect$$libinit$$0000000A)
    __rt_lib_init_lc_collate_1               0x0800020b   Thumb Code     0  libinit2.o(.ARM.Collect$$libinit$$00000011)
    __rt_lib_init_lc_ctype_1                 0x0800020b   Thumb Code     0  libinit2.o(.ARM.Collect$$libinit$$00000013)
    __rt_lib_init_lc_monetary_1              0x0800020b   Thumb Code     0  libinit2.o(.ARM.Collect$$libinit$$00000015)
    __rt_lib_init_lc_numeric_1               0x0800020b   Thumb Code     0  libinit2.o(.ARM.Collect$$libinit$$00000017)
    __rt_lib_init_lc_time_1                  0x0800020b   Thumb Code     0  libinit2.o(.ARM.Collect$$libinit$$00000019)
    __rt_lib_init_rand_1                     0x0800020b   Thumb Code     0  libinit2.o(.ARM.Collect$$libinit$$0000000E)
    __rt_lib_init_signal_1                   0x0800020b   Thumb Code     0  libinit2.o(.ARM.Collect$$libinit$$0000001D)
    __rt_lib_init_stdio_2                    0x0800020b   Thumb Code     0  libinit2.o(.ARM.Collect$$libinit$$00000024)
    __rt_lib_init_user_alloc_1               0x0800020b   Thumb Code     0  libinit2.o(.ARM.Collect$$libinit$$0000000C)
    __rt_lib_init_alloca_1                   0x0800020f   Thumb Code     0  libinit2.o(.ARM.Collect$$libinit$$0000002E)
    __rt_lib_init_argv_1                     0x0800020f   Thumb Code     0  libinit2.o(.ARM.Collect$$libinit$$0000002C)
    __rt_lib_init_cpp_1                      0x0800020f   Thumb Code     0  libinit2.o(.ARM.Collect$$libinit$$00000032)
    __rt_lib_init_exceptions_1               0x0800020f   Thumb Code     0  libinit2.o(.ARM.Collect$$libinit$$00000030)
    __rt_lib_init_return                     0x0800020f   Thumb Code     0  libinit2.o(.ARM.Collect$$libinit$$00000033)
    __rt_lib_init_stdio_1                    0x0800020f   Thumb Code     0  libinit2.o(.ARM.Collect$$libinit$$00000025)
    __rt_lib_shutdown                        0x08000211   Thumb Code     0  libshutdown.o(.ARM.Collect$$libshutdown$$00000000)
    __rt_lib_shutdown_cpp_1                  0x08000213   Thumb Code     0  libshutdown2.o(.ARM.Collect$$libshutdown$$00000004)
    __rt_lib_shutdown_fini_1                 0x08000213   Thumb Code     0  libshutdown2.o(.ARM.Collect$$libshutdown$$00000002)
    __rt_lib_shutdown_stdio_2                0x08000213   Thumb Code     0  libshutdown2.o(.ARM.Collect$$libshutdown$$00000005)
    __rt_lib_shutdown_fp_trap_1              0x08000217   Thumb Code     0  libshutdown2.o(.ARM.Collect$$libshutdown$$00000009)
    __rt_lib_shutdown_heap_1                 0x08000217   Thumb Code     0  libshutdown2.o(.ARM.Collect$$libshutdown$$00000011)
    __rt_lib_shutdown_return                 0x08000217   Thumb Code     0  libshutdown2.o(.ARM.Collect$$libshutdown$$00000012)
    __rt_lib_shutdown_signal_1               0x08000217   Thumb Code     0  libshutdown2.o(.ARM.Collect$$libshutdown$$0000000C)
    __rt_lib_shutdown_stdio_1                0x08000217   Thumb Code     0  libshutdown2.o(.ARM.Collect$$libshutdown$$00000006)
    __rt_lib_shutdown_user_alloc_1           0x08000217   Thumb Code     0  libshutdown2.o(.ARM.Collect$$libshutdown$$0000000E)
    __rt_entry                               0x08000219   Thumb Code     0  __rtentry.o(.ARM.Collect$$rtentry$$00000000)
    __rt_entry_presh_1                       0x08000219   Thumb Code     0  __rtentry2.o(.ARM.Collect$$rtentry$$00000002)
    __rt_entry_sh                            0x08000219   Thumb Code     0  __rtentry4.o(.ARM.Collect$$rtentry$$00000004)
    __rt_entry_li                            0x0800021f   Thumb Code     0  __rtentry2.o(.ARM.Collect$$rtentry$$0000000A)
    __rt_entry_postsh_1                      0x0800021f   Thumb Code     0  __rtentry2.o(.ARM.Collect$$rtentry$$00000009)
    __rt_entry_main                          0x08000223   Thumb Code     0  __rtentry2.o(.ARM.Collect$$rtentry$$0000000D)
    __rt_entry_postli_1                      0x08000223   Thumb Code     0  __rtentry2.o(.ARM.Collect$$rtentry$$0000000C)
    __rt_exit                                0x0800022b   Thumb Code     0  rtexit.o(.ARM.Collect$$rtexit$$00000000)
    __rt_exit_ls                             0x0800022d   Thumb Code     0  rtexit2.o(.ARM.Collect$$rtexit$$00000003)
    __rt_exit_prels_1                        0x0800022d   Thumb Code     0  rtexit2.o(.ARM.Collect$$rtexit$$00000002)
    __rt_exit_exit                           0x08000231   Thumb Code     0  rtexit2.o(.ARM.Collect$$rtexit$$00000004)
    Time_Display                             0x08000239   Thumb Code   198  main.o(.text)
    _maybe_terminate_alloc                   0x08000239   Thumb Code     0  maybetermalloc1.o(.emb_text)
    main                                     0x080002ff   Thumb Code   498  main.o(.text)
    NMI_Handler                              0x08000615   Thumb Code     2  stm32f4xx_it.o(.text)
    HardFault_Handler                        0x08000617   Thumb Code     4  stm32f4xx_it.o(.text)
    MemManage_Handler                        0x0800061b   Thumb Code     4  stm32f4xx_it.o(.text)
    BusFault_Handler                         0x0800061f   Thumb Code     4  stm32f4xx_it.o(.text)
    UsageFault_Handler                       0x08000623   Thumb Code     4  stm32f4xx_it.o(.text)
    SVC_Handler                              0x08000627   Thumb Code     2  stm32f4xx_it.o(.text)
    DebugMon_Handler                         0x08000629   Thumb Code     2  stm32f4xx_it.o(.text)
    PendSV_Handler                           0x0800062b   Thumb Code     2  stm32f4xx_it.o(.text)
    SysTick_Handler                          0x0800062d   Thumb Code     2  stm32f4xx_it.o(.text)
    Reset_Handler                            0x08000631   Thumb Code     8  startup_stm32f40_41xxx.o(.text)
    ADC_IRQHandler                           0x0800064b   Thumb Code     0  startup_stm32f40_41xxx.o(.text)
    CAN1_RX0_IRQHandler                      0x0800064b   Thumb Code     0  startup_stm32f40_41xxx.o(.text)
    CAN1_RX1_IRQHandler                      0x0800064b   Thumb Code     0  startup_stm32f40_41xxx.o(.text)
    CAN1_SCE_IRQHandler                      0x0800064b   Thumb Code     0  startup_stm32f40_41xxx.o(.text)
    CAN1_TX_IRQHandler                       0x0800064b   Thumb Code     0  startup_stm32f40_41xxx.o(.text)
    CAN2_RX0_IRQHandler                      0x0800064b   Thumb Code     0  startup_stm32f40_41xxx.o(.text)
    CAN2_RX1_IRQHandler                      0x0800064b   Thumb Code     0  startup_stm32f40_41xxx.o(.text)
    CAN2_SCE_IRQHandler                      0x0800064b   Thumb Code     0  startup_stm32f40_41xxx.o(.text)
    CAN2_TX_IRQHandler                       0x0800064b   Thumb Code     0  startup_stm32f40_41xxx.o(.text)
    CRYP_IRQHandler                          0x0800064b   Thumb Code     0  startup_stm32f40_41xxx.o(.text)
    DCMI_IRQHandler                          0x0800064b   Thumb Code     0  startup_stm32f40_41xxx.o(.text)
    DMA1_Stream0_IRQHandler                  0x0800064b   Thumb Code     0  startup_stm32f40_41xxx.o(.text)
    DMA1_Stream1_IRQHandler                  0x0800064b   Thumb Code     0  startup_stm32f40_41xxx.o(.text)
    DMA1_Stream2_IRQHandler                  0x0800064b   Thumb Code     0  startup_stm32f40_41xxx.o(.text)
    DMA1_Stream3_IRQHandler                  0x0800064b   Thumb Code     0  startup_stm32f40_41xxx.o(.text)
    DMA1_Stream4_IRQHandler                  0x0800064b   Thumb Code     0  startup_stm32f40_41xxx.o(.text)
    DMA1_Stream5_IRQHandler                  0x0800064b   Thumb Code     0  startup_stm32f40_41xxx.o(.text)
    DMA1_Stream6_IRQHandler                  0x0800064b   Thumb Code     0  startup_stm32f40_41xxx.o(.text)
    DMA1_Stream7_IRQHandler                  0x0800064b   Thumb Code     0  startup_stm32f40_41xxx.o(.text)
    DMA2_Stream0_IRQHandler                  0x0800064b   Thumb Code     0  startup_stm32f40_41xxx.o(.text)
    DMA2_Stream1_IRQHandler                  0x0800064b   Thumb Code     0  startup_stm32f40_41xxx.o(.text)
    DMA2_Stream2_IRQHandler                  0x0800064b   Thumb Code     0  startup_stm32f40_41xxx.o(.text)
    DMA2_Stream3_IRQHandler                  0x0800064b   Thumb Code     0  startup_stm32f40_41xxx.o(.text)
    DMA2_Stream4_IRQHandler                  0x0800064b   Thumb Code     0  startup_stm32f40_41xxx.o(.text)
    DMA2_Stream5_IRQHandler                  0x0800064b   Thumb Code     0  startup_stm32f40_41xxx.o(.text)
    DMA2_Stream6_IRQHandler                  0x0800064b   Thumb Code     0  startup_stm32f40_41xxx.o(.text)
    DMA2_Stream7_IRQHandler                  0x0800064b   Thumb Code     0  startup_stm32f40_41xxx.o(.text)
    ETH_IRQHandler                           0x0800064b   Thumb Code     0  startup_stm32f40_41xxx.o(.text)
    ETH_WKUP_IRQHandler                      0x0800064b   Thumb Code     0  startup_stm32f40_41xxx.o(.text)
    EXTI0_IRQHandler                         0x0800064b   Thumb Code     0  startup_stm32f40_41xxx.o(.text)
    EXTI15_10_IRQHandler                     0x0800064b   Thumb Code     0  startup_stm32f40_41xxx.o(.text)
    EXTI1_IRQHandler                         0x0800064b   Thumb Code     0  startup_stm32f40_41xxx.o(.text)
    EXTI2_IRQHandler                         0x0800064b   Thumb Code     0  startup_stm32f40_41xxx.o(.text)
    EXTI3_IRQHandler                         0x0800064b   Thumb Code     0  startup_stm32f40_41xxx.o(.text)
    EXTI4_IRQHandler                         0x0800064b   Thumb Code     0  startup_stm32f40_41xxx.o(.text)
    EXTI9_5_IRQHandler                       0x0800064b   Thumb Code     0  startup_stm32f40_41xxx.o(.text)
    FLASH_IRQHandler                         0x0800064b   Thumb Code     0  startup_stm32f40_41xxx.o(.text)
    FPU_IRQHandler                           0x0800064b   Thumb Code     0  startup_stm32f40_41xxx.o(.text)
    FSMC_IRQHandler                          0x0800064b   Thumb Code     0  startup_stm32f40_41xxx.o(.text)
    HASH_RNG_IRQHandler                      0x0800064b   Thumb Code     0  startup_stm32f40_41xxx.o(.text)
    I2C1_ER_IRQHandler                       0x0800064b   Thumb Code     0  startup_stm32f40_41xxx.o(.text)
    I2C1_EV_IRQHandler                       0x0800064b   Thumb Code     0  startup_stm32f40_41xxx.o(.text)
    I2C2_ER_IRQHandler                       0x0800064b   Thumb Code     0  startup_stm32f40_41xxx.o(.text)
    I2C2_EV_IRQHandler                       0x0800064b   Thumb Code     0  startup_stm32f40_41xxx.o(.text)
    I2C3_ER_IRQHandler                       0x0800064b   Thumb Code     0  startup_stm32f40_41xxx.o(.text)
    I2C3_EV_IRQHandler                       0x0800064b   Thumb Code     0  startup_stm32f40_41xxx.o(.text)
    OTG_FS_IRQHandler                        0x0800064b   Thumb Code     0  startup_stm32f40_41xxx.o(.text)
    OTG_FS_WKUP_IRQHandler                   0x0800064b   Thumb Code     0  startup_stm32f40_41xxx.o(.text)
    OTG_HS_EP1_IN_IRQHandler                 0x0800064b   Thumb Code     0  startup_stm32f40_41xxx.o(.text)
    OTG_HS_EP1_OUT_IRQHandler                0x0800064b   Thumb Code     0  startup_stm32f40_41xxx.o(.text)
    OTG_HS_IRQHandler                        0x0800064b   Thumb Code     0  startup_stm32f40_41xxx.o(.text)
    OTG_HS_WKUP_IRQHandler                   0x0800064b   Thumb Code     0  startup_stm32f40_41xxx.o(.text)
    PVD_IRQHandler                           0x0800064b   Thumb Code     0  startup_stm32f40_41xxx.o(.text)
    RCC_IRQHandler                           0x0800064b   Thumb Code     0  startup_stm32f40_41xxx.o(.text)
    SDIO_IRQHandler                          0x0800064b   Thumb Code     0  startup_stm32f40_41xxx.o(.text)
    SPI1_IRQHandler                          0x0800064b   Thumb Code     0  startup_stm32f40_41xxx.o(.text)
    SPI2_IRQHandler                          0x0800064b   Thumb Code     0  startup_stm32f40_41xxx.o(.text)
    SPI3_IRQHandler                          0x0800064b   Thumb Code     0  startup_stm32f40_41xxx.o(.text)
    TAMP_STAMP_IRQHandler                    0x0800064b   Thumb Code     0  startup_stm32f40_41xxx.o(.text)
    TIM1_BRK_TIM9_IRQHandler                 0x0800064b   Thumb Code     0  startup_stm32f40_41xxx.o(.text)
    TIM1_CC_IRQHandler                       0x0800064b   Thumb Code     0  startup_stm32f40_41xxx.o(.text)
    TIM1_TRG_COM_TIM11_IRQHandler            0x0800064b   Thumb Code     0  startup_stm32f40_41xxx.o(.text)
    TIM1_UP_TIM10_IRQHandler                 0x0800064b   Thumb Code     0  startup_stm32f40_41xxx.o(.text)
    TIM2_IRQHandler                          0x0800064b   Thumb Code     0  startup_stm32f40_41xxx.o(.text)
    TIM3_IRQHandler                          0x0800064b   Thumb Code     0  startup_stm32f40_41xxx.o(.text)
    TIM4_IRQHandler                          0x0800064b   Thumb Code     0  startup_stm32f40_41xxx.o(.text)
    TIM5_IRQHandler                          0x0800064b   Thumb Code     0  startup_stm32f40_41xxx.o(.text)
    TIM6_DAC_IRQHandler                      0x0800064b   Thumb Code     0  startup_stm32f40_41xxx.o(.text)
    TIM7_IRQHandler                          0x0800064b   Thumb Code     0  startup_stm32f40_41xxx.o(.text)
    TIM8_BRK_TIM12_IRQHandler                0x0800064b   Thumb Code     0  startup_stm32f40_41xxx.o(.text)
    TIM8_CC_IRQHandler                       0x0800064b   Thumb Code     0  startup_stm32f40_41xxx.o(.text)
    TIM8_TRG_COM_TIM14_IRQHandler            0x0800064b   Thumb Code     0  startup_stm32f40_41xxx.o(.text)
    TIM8_UP_TIM13_IRQHandler                 0x0800064b   Thumb Code     0  startup_stm32f40_41xxx.o(.text)
    UART5_IRQHandler                         0x0800064b   Thumb Code     0  startup_stm32f40_41xxx.o(.text)
    USART2_IRQHandler                        0x0800064b   Thumb Code     0  startup_stm32f40_41xxx.o(.text)
    USART6_IRQHandler                        0x0800064b   Thumb Code     0  startup_stm32f40_41xxx.o(.text)
    WWDG_IRQHandler                          0x0800064b   Thumb Code     0  startup_stm32f40_41xxx.o(.text)
    __user_initial_stackheap                 0x0800064d   Thumb Code     0  startup_stm32f40_41xxx.o(.text)
    SystemInit                               0x0800074d   Thumb Code    88  system_stm32f4xx.o(.text)
    SystemCoreClockUpdate                    0x080007a5   Thumb Code   174  system_stm32f4xx.o(.text)
    KEY_Init                                 0x08000881   Thumb Code    44  key.o(.text)
    key_scan                                 0x080008ad   Thumb Code   192  key.o(.text)
    LED_Init                                 0x08000989   Thumb Code    80  led.o(.text)
    LCD_WriteReg                             0x080009e1   Thumb Code    10  lcd.o(.text)
    LCD_ReadReg                              0x080009eb   Thumb Code    22  lcd.o(.text)
    lcdm_delay                               0x08000a01   Thumb Code    14  lcd.o(.text)
    LCD_WriteGRAM                            0x08000a0f   Thumb Code    10  lcd.o(.text)
    LCD_DisplayOn                            0x08000a19   Thumb Code     8  lcd.o(.text)
    LCD_DisplayOff                           0x08000a21   Thumb Code     8  lcd.o(.text)
    LCD_Open_Window                          0x08000a29   Thumb Code   166  lcd.o(.text)
    Set_Scan_Direction                       0x08000acf   Thumb Code   204  lcd.o(.text)
    Set_Display_Mode                         0x08000b9b   Thumb Code   214  lcd.o(.text)
    LCD_SetCursor                            0x08000c71   Thumb Code   186  lcd.o(.text)
    LCD_GetPoint                             0x08000d2b   Thumb Code   116  lcd.o(.text)
    LCD_DrawPoint                            0x08000d9f   Thumb Code    66  lcd.o(.text)
    LCD_Color_DrawPoint                      0x08000de1   Thumb Code    30  lcd.o(.text)
    Ssd1963_Set_BackLight                    0x08000dff   Thumb Code    32  lcd.o(.text)
    LCD_Clear                                0x08000e1f   Thumb Code    50  lcd.o(.text)
    LCD_FSMC_Config                          0x08000e51   Thumb Code   530  lcd.o(.text)
    ILI9341_Read_id                          0x08001063   Thumb Code    30  lcd.o(.text)
    LCD_Init                                 0x08001081   Thumb Code   990  lcd.o(.text)
    LCD_Fill_onecolor                        0x0800145f   Thumb Code    82  lcd.o(.text)
    LCD_Draw_Picture                         0x080014b1   Thumb Code    94  lcd.o(.text)
    LCD_DisplayChar                          0x0800150f   Thumb Code   206  lcd.o(.text)
    LCD_DisplayString                        0x080015dd   Thumb Code    64  lcd.o(.text)
    LCD_DisplayString_color                  0x0800161d   Thumb Code    68  lcd.o(.text)
    Counter_Power                            0x08001661   Thumb Code    22  lcd.o(.text)
    LCD_DisplayNum                           0x08001677   Thumb Code   244  lcd.o(.text)
    LCD_DisplayNum_color                     0x0800176b   Thumb Code    78  lcd.o(.text)
    BEEP_Init                                0x080017c1   Thumb Code    56  beep.o(.text)
    uart4_init                               0x080017fd   Thumb Code   178  usart4_wifi.o(.text)
    ESP8266_init                             0x080018af   Thumb Code    56  usart4_wifi.o(.text)
    uart4SendChar                            0x080018e7   Thumb Code    22  usart4_wifi.o(.text)
    uart4SendChars                           0x080018fd   Thumb Code    26  usart4_wifi.o(.text)
    WIFI_Server_Init                         0x08001917   Thumb Code    92  usart4_wifi.o(.text)
    UART4_IRQHandler                         0x08001973   Thumb Code  1132  usart4_wifi.o(.text)
    RTC_GetWeek                              0x08001df9   Thumb Code   102  rtc.o(.text)
    RTC_SetTimes                             0x08001e5f   Thumb Code   102  rtc.o(.text)
    RTC_GetTimes                             0x08001ec5   Thumb Code    22  rtc.o(.text)
    RTC_Configuration                        0x08001edb   Thumb Code   102  rtc.o(.text)
    RTC_SetWakeUp                            0x08001f41   Thumb Code   108  rtc.o(.text)
    RTC_InitConfig                           0x08001fad   Thumb Code    66  rtc.o(.text)
    RTC_WKUP_IRQHandler                      0x08001fef   Thumb Code    30  rtc.o(.text)
    RTC_SetAlarmA                            0x0800200d   Thumb Code   158  rtc.o(.text)
    RTC_Alarm_IRQHandler                     0x080020ab   Thumb Code    30  rtc.o(.text)
    uart3_init                               0x080020d9   Thumb Code   172  usart3.o(.text)
    uart3SendChar                            0x08002185   Thumb Code    22  usart3.o(.text)
    fputc3                                   0x0800219b   Thumb Code    30  usart3.o(.text)
    uart3SendChars                           0x080021b9   Thumb Code    26  usart3.o(.text)
    USART3_send_byte                         0x080021d3   Thumb Code    26  usart3.o(.text)
    USART_Send                               0x080021ed   Thumb Code    46  usart3.o(.text)
    USART3_IRQHandler                        0x0800221b   Thumb Code   160  usart3.o(.text)
    uart1_init                               0x080022d5   Thumb Code   172  usart1.o(.text)
    uart1SendChar                            0x08002381   Thumb Code    20  usart1.o(.text)
    fputc                                    0x08002395   Thumb Code    30  usart1.o(.text)
    uart1SendChars                           0x080023b3   Thumb Code    26  usart1.o(.text)
    rou_mianji_open                          0x080023cd   Thumb Code    24  usart1.o(.text)
    rou_mianji_close                         0x080023e5   Thumb Code    24  usart1.o(.text)
    water_suction_pump_open                  0x080023fd   Thumb Code    20  usart1.o(.text)
    water_suction_pump_close                 0x08002411   Thumb Code    20  usart1.o(.text)
    USART1_IRQHandler                        0x08002425   Thumb Code   306  usart1.o(.text)
    NVIC_PriorityGroupConfig                 0x080025ed   Thumb Code    10  misc.o(.text)
    NVIC_Init                                0x080025f7   Thumb Code   106  misc.o(.text)
    NVIC_SetVectorTable                      0x08002661   Thumb Code    14  misc.o(.text)
    NVIC_SystemLPConfig                      0x0800266f   Thumb Code    34  misc.o(.text)
    SysTick_CLKSourceConfig                  0x08002691   Thumb Code    40  misc.o(.text)
    GPIO_DeInit                              0x080026cd   Thumb Code   268  stm32f4xx_gpio.o(.text)
    GPIO_Init                                0x080027d9   Thumb Code   144  stm32f4xx_gpio.o(.text)
    GPIO_StructInit                          0x08002869   Thumb Code    18  stm32f4xx_gpio.o(.text)
    GPIO_PinLockConfig                       0x0800287b   Thumb Code    34  stm32f4xx_gpio.o(.text)
    GPIO_ReadInputDataBit                    0x0800289d   Thumb Code    18  stm32f4xx_gpio.o(.text)
    GPIO_ReadInputData                       0x080028af   Thumb Code     8  stm32f4xx_gpio.o(.text)
    GPIO_ReadOutputDataBit                   0x080028b7   Thumb Code    18  stm32f4xx_gpio.o(.text)
    GPIO_ReadOutputData                      0x080028c9   Thumb Code     8  stm32f4xx_gpio.o(.text)
    GPIO_SetBits                             0x080028d1   Thumb Code     4  stm32f4xx_gpio.o(.text)
    GPIO_ResetBits                           0x080028d5   Thumb Code     4  stm32f4xx_gpio.o(.text)
    GPIO_WriteBit                            0x080028d9   Thumb Code    10  stm32f4xx_gpio.o(.text)
    GPIO_Write                               0x080028e3   Thumb Code     4  stm32f4xx_gpio.o(.text)
    GPIO_ToggleBits                          0x080028e7   Thumb Code     8  stm32f4xx_gpio.o(.text)
    GPIO_PinAFConfig                         0x080028ef   Thumb Code    70  stm32f4xx_gpio.o(.text)
    RCC_DeInit                               0x08002961   Thumb Code    82  stm32f4xx_rcc.o(.text)
    RCC_HSEConfig                            0x080029b3   Thumb Code    14  stm32f4xx_rcc.o(.text)
    RCC_GetFlagStatus                        0x080029c1   Thumb Code    60  stm32f4xx_rcc.o(.text)
    RCC_WaitForHSEStartUp                    0x080029fd   Thumb Code    56  stm32f4xx_rcc.o(.text)
    RCC_AdjustHSICalibrationValue            0x08002a35   Thumb Code    20  stm32f4xx_rcc.o(.text)
    RCC_HSICmd                               0x08002a49   Thumb Code     6  stm32f4xx_rcc.o(.text)
    RCC_LSEConfig                            0x08002a4f   Thumb Code    46  stm32f4xx_rcc.o(.text)
    RCC_LSICmd                               0x08002a7d   Thumb Code     6  stm32f4xx_rcc.o(.text)
    RCC_PLLConfig                            0x08002a83   Thumb Code    32  stm32f4xx_rcc.o(.text)
    RCC_PLLCmd                               0x08002aa3   Thumb Code     6  stm32f4xx_rcc.o(.text)
    RCC_PLLI2SConfig                         0x08002aa9   Thumb Code    14  stm32f4xx_rcc.o(.text)
    RCC_PLLI2SCmd                            0x08002ab7   Thumb Code     6  stm32f4xx_rcc.o(.text)
    RCC_PLLSAIConfig                         0x08002abd   Thumb Code    20  stm32f4xx_rcc.o(.text)
    RCC_PLLSAICmd                            0x08002ad1   Thumb Code     6  stm32f4xx_rcc.o(.text)
    RCC_ClockSecuritySystemCmd               0x08002ad7   Thumb Code     6  stm32f4xx_rcc.o(.text)
    RCC_MCO1Config                           0x08002add   Thumb Code    28  stm32f4xx_rcc.o(.text)
    RCC_MCO2Config                           0x08002af9   Thumb Code    28  stm32f4xx_rcc.o(.text)
    RCC_SYSCLKConfig                         0x08002b15   Thumb Code    20  stm32f4xx_rcc.o(.text)
    RCC_GetSYSCLKSource                      0x08002b29   Thumb Code    12  stm32f4xx_rcc.o(.text)
    RCC_HCLKConfig                           0x08002b35   Thumb Code    20  stm32f4xx_rcc.o(.text)
    RCC_PCLK1Config                          0x08002b49   Thumb Code    20  stm32f4xx_rcc.o(.text)
    RCC_PCLK2Config                          0x08002b5d   Thumb Code    22  stm32f4xx_rcc.o(.text)
    RCC_GetClocksFreq                        0x08002b73   Thumb Code   222  stm32f4xx_rcc.o(.text)
    RCC_RTCCLKConfig                         0x08002c51   Thumb Code    54  stm32f4xx_rcc.o(.text)
    RCC_RTCCLKCmd                            0x08002c87   Thumb Code     8  stm32f4xx_rcc.o(.text)
    RCC_BackupResetCmd                       0x08002c8f   Thumb Code     8  stm32f4xx_rcc.o(.text)
    RCC_I2SCLKConfig                         0x08002c97   Thumb Code     6  stm32f4xx_rcc.o(.text)
    RCC_SAIPLLI2SClkDivConfig                0x08002c9d   Thumb Code    26  stm32f4xx_rcc.o(.text)
    RCC_SAIPLLSAIClkDivConfig                0x08002cb7   Thumb Code    28  stm32f4xx_rcc.o(.text)
    RCC_SAIBlockACLKConfig                   0x08002cd3   Thumb Code    20  stm32f4xx_rcc.o(.text)
    RCC_SAIBlockBCLKConfig                   0x08002ce7   Thumb Code    20  stm32f4xx_rcc.o(.text)
    RCC_LTDCCLKDivConfig                     0x08002cfb   Thumb Code    20  stm32f4xx_rcc.o(.text)
    RCC_TIMCLKPresConfig                     0x08002d0f   Thumb Code     6  stm32f4xx_rcc.o(.text)
    RCC_AHB1PeriphClockCmd                   0x08002d15   Thumb Code    34  stm32f4xx_rcc.o(.text)
    RCC_AHB2PeriphClockCmd                   0x08002d37   Thumb Code    78  stm32f4xx_rcc.o(.text)
    RCC_AHB3PeriphClockCmd                   0x08002d85   Thumb Code    34  stm32f4xx_rcc.o(.text)
    RCC_APB1PeriphClockCmd                   0x08002da7   Thumb Code    34  stm32f4xx_rcc.o(.text)
    RCC_APB2PeriphClockCmd                   0x08002dc9   Thumb Code    34  stm32f4xx_rcc.o(.text)
    RCC_AHB1PeriphResetCmd                   0x08002deb   Thumb Code    34  stm32f4xx_rcc.o(.text)
    RCC_AHB2PeriphResetCmd                   0x08002e0d   Thumb Code    34  stm32f4xx_rcc.o(.text)
    RCC_AHB3PeriphResetCmd                   0x08002e2f   Thumb Code    34  stm32f4xx_rcc.o(.text)
    RCC_APB1PeriphResetCmd                   0x08002e51   Thumb Code    34  stm32f4xx_rcc.o(.text)
    RCC_APB2PeriphResetCmd                   0x08002e73   Thumb Code    34  stm32f4xx_rcc.o(.text)
    RCC_AHB1PeriphClockLPModeCmd             0x08002e95   Thumb Code    34  stm32f4xx_rcc.o(.text)
    RCC_AHB2PeriphClockLPModeCmd             0x08002eb7   Thumb Code    34  stm32f4xx_rcc.o(.text)
    RCC_AHB3PeriphClockLPModeCmd             0x08002ed9   Thumb Code    34  stm32f4xx_rcc.o(.text)
    RCC_APB1PeriphClockLPModeCmd             0x08002efb   Thumb Code    34  stm32f4xx_rcc.o(.text)
    RCC_APB2PeriphClockLPModeCmd             0x08002f1d   Thumb Code    34  stm32f4xx_rcc.o(.text)
    RCC_LSEModeConfig                        0x08002f3f   Thumb Code    40  stm32f4xx_rcc.o(.text)
    RCC_ITConfig                             0x08002f67   Thumb Code    34  stm32f4xx_rcc.o(.text)
    RCC_ClearFlag                            0x08002f89   Thumb Code    18  stm32f4xx_rcc.o(.text)
    RCC_GetITStatus                          0x08002f9b   Thumb Code    22  stm32f4xx_rcc.o(.text)
    RCC_ClearITPendingBit                    0x08002fb1   Thumb Code     8  stm32f4xx_rcc.o(.text)
    USART_DeInit                             0x08002fbd   Thumb Code   206  stm32f4xx_usart.o(.text)
    USART_Init                               0x0800308b   Thumb Code   204  stm32f4xx_usart.o(.text)
    USART_StructInit                         0x08003157   Thumb Code    24  stm32f4xx_usart.o(.text)
    USART_ClockInit                          0x0800316f   Thumb Code    32  stm32f4xx_usart.o(.text)
    USART_ClockStructInit                    0x0800318f   Thumb Code    12  stm32f4xx_usart.o(.text)
    USART_Cmd                                0x0800319b   Thumb Code    24  stm32f4xx_usart.o(.text)
    USART_SetPrescaler                       0x080031b3   Thumb Code    16  stm32f4xx_usart.o(.text)
    USART_OverSampling8Cmd                   0x080031c3   Thumb Code    22  stm32f4xx_usart.o(.text)
    USART_OneBitMethodCmd                    0x080031d9   Thumb Code    24  stm32f4xx_usart.o(.text)
    USART_SendData                           0x080031f1   Thumb Code     8  stm32f4xx_usart.o(.text)
    USART_ReceiveData                        0x080031f9   Thumb Code    10  stm32f4xx_usart.o(.text)
    USART_SetAddress                         0x08003203   Thumb Code    18  stm32f4xx_usart.o(.text)
    USART_ReceiverWakeUpCmd                  0x08003215   Thumb Code    24  stm32f4xx_usart.o(.text)
    USART_WakeUpConfig                       0x0800322d   Thumb Code    18  stm32f4xx_usart.o(.text)
    USART_LINBreakDetectLengthConfig         0x0800323f   Thumb Code    18  stm32f4xx_usart.o(.text)
    USART_LINCmd                             0x08003251   Thumb Code    24  stm32f4xx_usart.o(.text)
    USART_SendBreak                          0x08003269   Thumb Code    10  stm32f4xx_usart.o(.text)
    USART_HalfDuplexCmd                      0x08003273   Thumb Code    24  stm32f4xx_usart.o(.text)
    USART_SetGuardTime                       0x0800328b   Thumb Code    16  stm32f4xx_usart.o(.text)
    USART_SmartCardCmd                       0x0800329b   Thumb Code    24  stm32f4xx_usart.o(.text)
    USART_SmartCardNACKCmd                   0x080032b3   Thumb Code    24  stm32f4xx_usart.o(.text)
    USART_IrDAConfig                         0x080032cb   Thumb Code    18  stm32f4xx_usart.o(.text)
    USART_IrDACmd                            0x080032dd   Thumb Code    24  stm32f4xx_usart.o(.text)
    USART_DMACmd                             0x080032f5   Thumb Code    18  stm32f4xx_usart.o(.text)
    USART_ITConfig                           0x08003307   Thumb Code    74  stm32f4xx_usart.o(.text)
    USART_GetFlagStatus                      0x08003351   Thumb Code    26  stm32f4xx_usart.o(.text)
    USART_ClearFlag                          0x0800336b   Thumb Code    18  stm32f4xx_usart.o(.text)
    USART_GetITStatus                        0x0800337d   Thumb Code   118  stm32f4xx_usart.o(.text)
    USART_ClearITPendingBit                  0x080033f3   Thumb Code    30  stm32f4xx_usart.o(.text)
    FSMC_NORSRAMDeInit                       0x08003411   Thumb Code    54  stm32f4xx_fsmc.o(.text)
    FSMC_NORSRAMInit                         0x08003447   Thumb Code   230  stm32f4xx_fsmc.o(.text)
    FSMC_NORSRAMStructInit                   0x0800352d   Thumb Code    48  stm32f4xx_fsmc.o(.text)
    FSMC_NORSRAMCmd                          0x0800355d   Thumb Code    46  stm32f4xx_fsmc.o(.text)
    FSMC_NANDDeInit                          0x0800358b   Thumb Code    62  stm32f4xx_fsmc.o(.text)
    FSMC_NANDInit                            0x080035c9   Thumb Code   132  stm32f4xx_fsmc.o(.text)
    FSMC_NANDStructInit                      0x0800364d   Thumb Code    54  stm32f4xx_fsmc.o(.text)
    FSMC_NANDCmd                             0x08003683   Thumb Code    86  stm32f4xx_fsmc.o(.text)
    FSMC_NANDECCCmd                          0x080036d9   Thumb Code    86  stm32f4xx_fsmc.o(.text)
    FSMC_GetECC                              0x0800372f   Thumb Code    24  stm32f4xx_fsmc.o(.text)
    FSMC_PCCARDDeInit                        0x08003747   Thumb Code    36  stm32f4xx_fsmc.o(.text)
    FSMC_PCCARDInit                          0x0800376b   Thumb Code   130  stm32f4xx_fsmc.o(.text)
    FSMC_PCCARDStructInit                    0x080037ed   Thumb Code    60  stm32f4xx_fsmc.o(.text)
    FSMC_PCCARDCmd                           0x08003829   Thumb Code    44  stm32f4xx_fsmc.o(.text)
    FSMC_ITConfig                            0x08003855   Thumb Code   128  stm32f4xx_fsmc.o(.text)
    FSMC_GetFlagStatus                       0x080038d5   Thumb Code    54  stm32f4xx_fsmc.o(.text)
    FSMC_ClearFlag                           0x0800390b   Thumb Code    74  stm32f4xx_fsmc.o(.text)
    FSMC_GetITStatus                         0x08003955   Thumb Code    62  stm32f4xx_fsmc.o(.text)
    FSMC_ClearITPendingBit                   0x08003993   Thumb Code    66  stm32f4xx_fsmc.o(.text)
    RTC_WaitForSynchro                       0x080039d9   Thumb Code    92  stm32f4xx_rtc.o(.text)
    RTC_EnterInitMode                        0x08003a35   Thumb Code    84  stm32f4xx_rtc.o(.text)
    RTC_DeInit                               0x08003a89   Thumb Code   204  stm32f4xx_rtc.o(.text)
    RTC_ExitInitMode                         0x08003b55   Thumb Code    18  stm32f4xx_rtc.o(.text)
    RTC_Init                                 0x08003b67   Thumb Code    94  stm32f4xx_rtc.o(.text)
    RTC_StructInit                           0x08003bc5   Thumb Code    14  stm32f4xx_rtc.o(.text)
    RTC_WriteProtectionCmd                   0x08003bd3   Thumb Code    22  stm32f4xx_rtc.o(.text)
    RTC_RefClockCmd                          0x08003be9   Thumb Code    76  stm32f4xx_rtc.o(.text)
    RTC_BypassShadowCmd                      0x08003c35   Thumb Code    54  stm32f4xx_rtc.o(.text)
    RTC_SetTime                              0x08003c9d   Thumb Code   200  stm32f4xx_rtc.o(.text)
    RTC_TimeStructInit                       0x08003d65   Thumb Code    12  stm32f4xx_rtc.o(.text)
    RTC_GetTime                              0x08003d71   Thumb Code    74  stm32f4xx_rtc.o(.text)
    RTC_GetSubSecond                         0x08003dbb   Thumb Code    30  stm32f4xx_rtc.o(.text)
    RTC_SetDate                              0x08003dd9   Thumb Code   190  stm32f4xx_rtc.o(.text)
    RTC_DateStructInit                       0x08003e97   Thumb Code    14  stm32f4xx_rtc.o(.text)
    RTC_GetDate                              0x08003ea5   Thumb Code    70  stm32f4xx_rtc.o(.text)
    RTC_SetAlarm                             0x08003eeb   Thumb Code   230  stm32f4xx_rtc.o(.text)
    RTC_AlarmStructInit                      0x08003fd1   Thumb Code    22  stm32f4xx_rtc.o(.text)
    RTC_GetAlarm                             0x08003fe7   Thumb Code   114  stm32f4xx_rtc.o(.text)
    RTC_AlarmCmd                             0x08004059   Thumb Code   112  stm32f4xx_rtc.o(.text)
    RTC_AlarmSubSecondConfig                 0x080040c9   Thumb Code    46  stm32f4xx_rtc.o(.text)
    RTC_GetAlarmSubSecond                    0x080040f7   Thumb Code    34  stm32f4xx_rtc.o(.text)
    RTC_WakeUpClockConfig                    0x08004119   Thumb Code    42  stm32f4xx_rtc.o(.text)
    RTC_SetWakeUpCounter                     0x08004143   Thumb Code    22  stm32f4xx_rtc.o(.text)
    RTC_GetWakeUpCounter                     0x08004159   Thumb Code    10  stm32f4xx_rtc.o(.text)
    RTC_WakeUpCmd                            0x08004163   Thumb Code   116  stm32f4xx_rtc.o(.text)
    RTC_DayLightSavingConfig                 0x080041d7   Thumb Code    50  stm32f4xx_rtc.o(.text)
    RTC_GetStoreOperation                    0x08004209   Thumb Code    12  stm32f4xx_rtc.o(.text)
    RTC_OutputConfig                         0x08004215   Thumb Code    60  stm32f4xx_rtc.o(.text)
    RTC_CoarseCalibConfig                    0x08004251   Thumb Code    52  stm32f4xx_rtc.o(.text)
    RTC_CoarseCalibCmd                       0x08004285   Thumb Code    76  stm32f4xx_rtc.o(.text)
    RTC_CalibOutputCmd                       0x080042d1   Thumb Code    54  stm32f4xx_rtc.o(.text)
    RTC_CalibOutputConfig                    0x08004307   Thumb Code    42  stm32f4xx_rtc.o(.text)
    RTC_SmoothCalibConfig                    0x08004331   Thumb Code    90  stm32f4xx_rtc.o(.text)
    RTC_TimeStampCmd                         0x0800438b   Thumb Code    54  stm32f4xx_rtc.o(.text)
    RTC_GetTimeStamp                         0x080043c1   Thumb Code   144  stm32f4xx_rtc.o(.text)
    RTC_GetTimeStampSubSecond                0x08004451   Thumb Code     8  stm32f4xx_rtc.o(.text)
    RTC_TamperTriggerConfig                  0x08004459   Thumb Code    38  stm32f4xx_rtc.o(.text)
    RTC_TamperCmd                            0x0800447f   Thumb Code    34  stm32f4xx_rtc.o(.text)
    RTC_TamperFilterConfig                   0x080044a1   Thumb Code    26  stm32f4xx_rtc.o(.text)
    RTC_TamperSamplingFreqConfig             0x080044bb   Thumb Code    26  stm32f4xx_rtc.o(.text)
    RTC_TamperPinsPrechargeDuration          0x080044d5   Thumb Code    26  stm32f4xx_rtc.o(.text)
    RTC_TimeStampOnTamperDetectionCmd        0x080044ef   Thumb Code    38  stm32f4xx_rtc.o(.text)
    RTC_TamperPullUpCmd                      0x08004515   Thumb Code    38  stm32f4xx_rtc.o(.text)
    RTC_WriteBackupRegister                  0x0800453b   Thumb Code    26  stm32f4xx_rtc.o(.text)
    RTC_ReadBackupRegister                   0x08004555   Thumb Code    28  stm32f4xx_rtc.o(.text)
    RTC_TamperPinSelection                   0x08004571   Thumb Code    26  stm32f4xx_rtc.o(.text)
    RTC_TimeStampPinSelection                0x0800458b   Thumb Code    26  stm32f4xx_rtc.o(.text)
    RTC_OutputTypeConfig                     0x080045a5   Thumb Code    26  stm32f4xx_rtc.o(.text)
    RTC_SynchroShiftConfig                   0x080045bf   Thumb Code   130  stm32f4xx_rtc.o(.text)
    RTC_ITConfig                             0x08004641   Thumb Code    94  stm32f4xx_rtc.o(.text)
    RTC_GetFlagStatus                        0x0800469f   Thumb Code    34  stm32f4xx_rtc.o(.text)
    RTC_ClearFlag                            0x080046c1   Thumb Code    28  stm32f4xx_rtc.o(.text)
    RTC_GetITStatus                          0x080046dd   Thumb Code    60  stm32f4xx_rtc.o(.text)
    RTC_ClearITPendingBit                    0x08004719   Thumb Code    32  stm32f4xx_rtc.o(.text)
    PWR_DeInit                               0x08004741   Thumb Code    22  stm32f4xx_pwr.o(.text)
    PWR_BackupAccessCmd                      0x08004757   Thumb Code     6  stm32f4xx_pwr.o(.text)
    PWR_PVDLevelConfig                       0x0800475d   Thumb Code    18  stm32f4xx_pwr.o(.text)
    PWR_PVDCmd                               0x0800476f   Thumb Code     6  stm32f4xx_pwr.o(.text)
    PWR_WakeUpPinCmd                         0x08004775   Thumb Code     8  stm32f4xx_pwr.o(.text)
    PWR_BackupRegulatorCmd                   0x0800477d   Thumb Code     8  stm32f4xx_pwr.o(.text)
    PWR_MainRegulatorModeConfig              0x08004785   Thumb Code    18  stm32f4xx_pwr.o(.text)
    PWR_OverDriveCmd                         0x08004797   Thumb Code     6  stm32f4xx_pwr.o(.text)
    PWR_OverDriveSWCmd                       0x0800479d   Thumb Code     6  stm32f4xx_pwr.o(.text)
    PWR_UnderDriveCmd                        0x080047a3   Thumb Code    30  stm32f4xx_pwr.o(.text)
    PWR_MainRegulatorLowVoltageCmd           0x080047c1   Thumb Code    18  stm32f4xx_pwr.o(.text)
    PWR_LowRegulatorLowVoltageCmd            0x080047d3   Thumb Code    18  stm32f4xx_pwr.o(.text)
    PWR_FlashPowerDownCmd                    0x080047e5   Thumb Code     6  stm32f4xx_pwr.o(.text)
    PWR_EnterSTOPMode                        0x080047eb   Thumb Code    58  stm32f4xx_pwr.o(.text)
    PWR_EnterUnderDriveSTOPMode              0x08004825   Thumb Code    58  stm32f4xx_pwr.o(.text)
    PWR_EnterSTANDBYMode                     0x0800485f   Thumb Code    32  stm32f4xx_pwr.o(.text)
    PWR_GetFlagStatus                        0x0800487f   Thumb Code    20  stm32f4xx_pwr.o(.text)
    PWR_ClearFlag                            0x08004893   Thumb Code    14  stm32f4xx_pwr.o(.text)
    EXTI_DeInit                              0x080048ad   Thumb Code    28  stm32f4xx_exti.o(.text)
    EXTI_Init                                0x080048c9   Thumb Code   142  stm32f4xx_exti.o(.text)
    EXTI_StructInit                          0x08004957   Thumb Code    16  stm32f4xx_exti.o(.text)
    EXTI_GenerateSWInterrupt                 0x08004967   Thumb Code    16  stm32f4xx_exti.o(.text)
    EXTI_GetFlagStatus                       0x08004977   Thumb Code    22  stm32f4xx_exti.o(.text)
    EXTI_ClearFlag                           0x0800498d   Thumb Code     8  stm32f4xx_exti.o(.text)
    EXTI_GetITStatus                         0x08004995   Thumb Code    22  stm32f4xx_exti.o(.text)
    EXTI_ClearITPendingBit                   0x080049ab   Thumb Code     8  stm32f4xx_exti.o(.text)
    TIM_DeInit                               0x080049bd   Thumb Code   346  stm32f4xx_tim.o(.text)
    TIM_TimeBaseInit                         0x08004b17   Thumb Code   104  stm32f4xx_tim.o(.text)
    TIM_TimeBaseStructInit                   0x08004b7f   Thumb Code    18  stm32f4xx_tim.o(.text)
    TIM_PrescalerConfig                      0x08004b91   Thumb Code     6  stm32f4xx_tim.o(.text)
    TIM_CounterModeConfig                    0x08004b97   Thumb Code    18  stm32f4xx_tim.o(.text)
    TIM_SetCounter                           0x08004ba9   Thumb Code     4  stm32f4xx_tim.o(.text)
    TIM_SetAutoreload                        0x08004bad   Thumb Code     4  stm32f4xx_tim.o(.text)
    TIM_GetCounter                           0x08004bb1   Thumb Code     6  stm32f4xx_tim.o(.text)
    TIM_GetPrescaler                         0x08004bb7   Thumb Code     6  stm32f4xx_tim.o(.text)
    TIM_UpdateDisableConfig                  0x08004bbd   Thumb Code    24  stm32f4xx_tim.o(.text)
    TIM_UpdateRequestConfig                  0x08004bd5   Thumb Code    24  stm32f4xx_tim.o(.text)
    TIM_ARRPreloadConfig                     0x08004bed   Thumb Code    24  stm32f4xx_tim.o(.text)
    TIM_SelectOnePulseMode                   0x08004c05   Thumb Code    18  stm32f4xx_tim.o(.text)
    TIM_SetClockDivision                     0x08004c17   Thumb Code    18  stm32f4xx_tim.o(.text)
    TIM_Cmd                                  0x08004c29   Thumb Code    24  stm32f4xx_tim.o(.text)
    TIM_OC1Init                              0x08004c41   Thumb Code   114  stm32f4xx_tim.o(.text)
    TIM_OC2Init                              0x08004cb3   Thumb Code   154  stm32f4xx_tim.o(.text)
    TIM_OC3Init                              0x08004d4d   Thumb Code   204  stm32f4xx_tim.o(.text)
    TIM_OC4Init                              0x08004e19   Thumb Code   112  stm32f4xx_tim.o(.text)
    TIM_OCStructInit                         0x08004e89   Thumb Code    20  stm32f4xx_tim.o(.text)
    TIM_SelectOCxM                           0x08004e9d   Thumb Code    86  stm32f4xx_tim.o(.text)
    TIM_SetCompare1                          0x08004ef3   Thumb Code     4  stm32f4xx_tim.o(.text)
    TIM_SetCompare2                          0x08004ef7   Thumb Code     4  stm32f4xx_tim.o(.text)
    TIM_SetCompare3                          0x08004efb   Thumb Code     4  stm32f4xx_tim.o(.text)
    TIM_SetCompare4                          0x08004eff   Thumb Code     4  stm32f4xx_tim.o(.text)
    TIM_ForcedOC1Config                      0x08004f03   Thumb Code    18  stm32f4xx_tim.o(.text)
    TIM_ForcedOC2Config                      0x08004f15   Thumb Code    26  stm32f4xx_tim.o(.text)
    TIM_ForcedOC3Config                      0x08004f2f   Thumb Code    18  stm32f4xx_tim.o(.text)
    TIM_ForcedOC4Config                      0x08004f41   Thumb Code    26  stm32f4xx_tim.o(.text)
    TIM_OC1PreloadConfig                     0x08004f5b   Thumb Code    18  stm32f4xx_tim.o(.text)
    TIM_OC2PreloadConfig                     0x08004f6d   Thumb Code    26  stm32f4xx_tim.o(.text)
    TIM_OC3PreloadConfig                     0x08004f87   Thumb Code    18  stm32f4xx_tim.o(.text)
    TIM_OC4PreloadConfig                     0x08004f99   Thumb Code    26  stm32f4xx_tim.o(.text)
    TIM_OC1FastConfig                        0x08004fb3   Thumb Code    18  stm32f4xx_tim.o(.text)
    TIM_OC2FastConfig                        0x08004fc5   Thumb Code    26  stm32f4xx_tim.o(.text)
    TIM_OC3FastConfig                        0x08004fdf   Thumb Code    18  stm32f4xx_tim.o(.text)
    TIM_OC4FastConfig                        0x08004ff1   Thumb Code    26  stm32f4xx_tim.o(.text)
    TIM_ClearOC1Ref                          0x0800500b   Thumb Code    18  stm32f4xx_tim.o(.text)
    TIM_ClearOC2Ref                          0x0800501d   Thumb Code    24  stm32f4xx_tim.o(.text)
    TIM_ClearOC3Ref                          0x08005035   Thumb Code    18  stm32f4xx_tim.o(.text)
    TIM_ClearOC4Ref                          0x08005047   Thumb Code    24  stm32f4xx_tim.o(.text)
    TIM_OC1PolarityConfig                    0x0800505f   Thumb Code    18  stm32f4xx_tim.o(.text)
    TIM_OC1NPolarityConfig                   0x08005071   Thumb Code    18  stm32f4xx_tim.o(.text)
    TIM_OC2PolarityConfig                    0x08005083   Thumb Code    26  stm32f4xx_tim.o(.text)
    TIM_OC2NPolarityConfig                   0x0800509d   Thumb Code    26  stm32f4xx_tim.o(.text)
    TIM_OC3PolarityConfig                    0x080050b7   Thumb Code    26  stm32f4xx_tim.o(.text)
    TIM_OC3NPolarityConfig                   0x080050d1   Thumb Code    26  stm32f4xx_tim.o(.text)
    TIM_OC4PolarityConfig                    0x080050eb   Thumb Code    26  stm32f4xx_tim.o(.text)
    TIM_CCxCmd                               0x08005105   Thumb Code    30  stm32f4xx_tim.o(.text)
    TIM_CCxNCmd                              0x08005123   Thumb Code    30  stm32f4xx_tim.o(.text)
    TIM_SetIC4Prescaler                      0x08005141   Thumb Code    26  stm32f4xx_tim.o(.text)
    TIM_SetIC3Prescaler                      0x080051ab   Thumb Code    18  stm32f4xx_tim.o(.text)
    TIM_SetIC2Prescaler                      0x08005205   Thumb Code    26  stm32f4xx_tim.o(.text)
    TIM_SetIC1Prescaler                      0x08005279   Thumb Code    18  stm32f4xx_tim.o(.text)
    TIM_ICInit                               0x080052c5   Thumb Code   110  stm32f4xx_tim.o(.text)
    TIM_ICStructInit                         0x08005333   Thumb Code    18  stm32f4xx_tim.o(.text)
    TIM_PWMIConfig                           0x08005345   Thumb Code   124  stm32f4xx_tim.o(.text)
    TIM_GetCapture1                          0x080053c1   Thumb Code     6  stm32f4xx_tim.o(.text)
    TIM_GetCapture2                          0x080053c7   Thumb Code     6  stm32f4xx_tim.o(.text)
    TIM_GetCapture3                          0x080053cd   Thumb Code     6  stm32f4xx_tim.o(.text)
    TIM_GetCapture4                          0x080053d3   Thumb Code     6  stm32f4xx_tim.o(.text)
    TIM_BDTRConfig                           0x080053d9   Thumb Code    32  stm32f4xx_tim.o(.text)
    TIM_BDTRStructInit                       0x080053f9   Thumb Code    18  stm32f4xx_tim.o(.text)
    TIM_CtrlPWMOutputs                       0x0800540b   Thumb Code    30  stm32f4xx_tim.o(.text)
    TIM_SelectCOM                            0x08005429   Thumb Code    24  stm32f4xx_tim.o(.text)
    TIM_CCPreloadControl                     0x08005441   Thumb Code    24  stm32f4xx_tim.o(.text)
    TIM_ITConfig                             0x08005459   Thumb Code    18  stm32f4xx_tim.o(.text)
    TIM_GenerateEvent                        0x0800546b   Thumb Code     4  stm32f4xx_tim.o(.text)
    TIM_GetFlagStatus                        0x0800546f   Thumb Code    18  stm32f4xx_tim.o(.text)
    TIM_ClearFlag                            0x08005481   Thumb Code     6  stm32f4xx_tim.o(.text)
    TIM_GetITStatus                          0x08005487   Thumb Code    34  stm32f4xx_tim.o(.text)
    TIM_ClearITPendingBit                    0x080054a9   Thumb Code     6  stm32f4xx_tim.o(.text)
    TIM_DMAConfig                            0x080054af   Thumb Code    10  stm32f4xx_tim.o(.text)
    TIM_DMACmd                               0x080054b9   Thumb Code    18  stm32f4xx_tim.o(.text)
    TIM_SelectCCDMA                          0x080054cb   Thumb Code    24  stm32f4xx_tim.o(.text)
    TIM_InternalClockConfig                  0x080054e3   Thumb Code    12  stm32f4xx_tim.o(.text)
    TIM_SelectInputTrigger                   0x080054ef   Thumb Code    18  stm32f4xx_tim.o(.text)
    TIM_ITRxExternalClockConfig              0x08005501   Thumb Code    24  stm32f4xx_tim.o(.text)
    TIM_TIxExternalClockConfig               0x08005519   Thumb Code    62  stm32f4xx_tim.o(.text)
    TIM_ETRConfig                            0x08005557   Thumb Code    28  stm32f4xx_tim.o(.text)
    TIM_ETRClockMode1Config                  0x08005573   Thumb Code    54  stm32f4xx_tim.o(.text)
    TIM_ETRClockMode2Config                  0x080055a9   Thumb Code    32  stm32f4xx_tim.o(.text)
    TIM_SelectOutputTrigger                  0x080055c9   Thumb Code    18  stm32f4xx_tim.o(.text)
    TIM_SelectSlaveMode                      0x080055db   Thumb Code    18  stm32f4xx_tim.o(.text)
    TIM_SelectMasterSlaveMode                0x080055ed   Thumb Code    18  stm32f4xx_tim.o(.text)
    TIM_EncoderInterfaceConfig               0x080055ff   Thumb Code    66  stm32f4xx_tim.o(.text)
    TIM_SelectHallSensor                     0x08005641   Thumb Code    24  stm32f4xx_tim.o(.text)
    TIM_RemapConfig                          0x08005659   Thumb Code     6  stm32f4xx_tim.o(.text)
    GPIO_group_OUT                           0x08005661   Thumb Code   454  common.o(.text)
    GPIO_bits_OUT                            0x08005827   Thumb Code    92  common.o(.text)
    delay_init                               0x08005883   Thumb Code    42  common.o(.text)
    delay_us                                 0x080058ad   Thumb Code    72  common.o(.text)
    delay_xms                                0x080058f5   Thumb Code    72  common.o(.text)
    delay_ms                                 0x0800593d   Thumb Code    56  common.o(.text)
    __2printf                                0x0800597d   Thumb Code    20  noretval__2printf.o(.text)
    strcmp                                   0x08005995   Thumb Code   128  strcmpv7m.o(.text)
    __use_two_region_memory                  0x08005a15   Thumb Code     2  heapauxi.o(.text)
    __rt_heap_escrow                         0x08005a17   Thumb Code     2  heapauxi.o(.text)
    __rt_heap_expand                         0x08005a19   Thumb Code     2  heapauxi.o(.text)
    _printf_char_file                        0x08005a1d   Thumb Code    32  _printf_char_file.o(.text)
    _printf_char_common                      0x08005a4b   Thumb Code    32  _printf_char_common.o(.text)
    ferror                                   0x08005a71   Thumb Code     8  ferror.o(.text)
    _initio                                  0x08005a79   Thumb Code   210  initio.o(.text)
    _terminateio                             0x08005b4b   Thumb Code    56  initio.o(.text)
    _sys_open                                0x08005bb1   Thumb Code    20  sys_io.o(.text)
    _sys_close                               0x08005bc5   Thumb Code    12  sys_io.o(.text)
    _sys_write                               0x08005bd1   Thumb Code    16  sys_io.o(.text)
    _sys_read                                0x08005be1   Thumb Code    14  sys_io.o(.text)
    _sys_istty                               0x08005bef   Thumb Code    12  sys_io.o(.text)
    _sys_seek                                0x08005bfb   Thumb Code    14  sys_io.o(.text)
    _sys_ensure                              0x08005c09   Thumb Code     2  sys_io.o(.text)
    _sys_flen                                0x08005c0b   Thumb Code    12  sys_io.o(.text)
    __user_setup_stackheap                   0x08005c17   Thumb Code    74  sys_stackheap_outer.o(.text)
    free                                     0x08005c61   Thumb Code    78  h1_free.o(.text)
    __printf                                 0x08005caf   Thumb Code    40  __printf_nopercent.o(.text)
    setvbuf                                  0x08005cd7   Thumb Code    70  setvbuf.o(.text)
    freopen                                  0x08005d1d   Thumb Code   158  fopen.o(.text)
    fopen                                    0x08005dbb   Thumb Code    74  fopen.o(.text)
    _fclose_internal                         0x08005e09   Thumb Code    76  fclose.o(.text)
    fclose                                   0x08005e09   Thumb Code     0  fclose.o(.text)
    exit                                     0x08005e55   Thumb Code    18  exit.o(.text)
    __rt_SIGRTRED                            0x08005e67   Thumb Code    14  defsig_rtred_outer.o(.text)
    __aeabi_memclr4                          0x08005e75   Thumb Code     0  rt_memclr_w.o(.text)
    __aeabi_memclr8                          0x08005e75   Thumb Code     0  rt_memclr_w.o(.text)
    __rt_memclr_w                            0x08005e75   Thumb Code    78  rt_memclr_w.o(.text)
    _memset_w                                0x08005e79   Thumb Code     0  rt_memclr_w.o(.text)
    __user_libspace                          0x08005ec5   Thumb Code     8  libspace.o(.text)
    __user_perproc_libspace                  0x08005ec5   Thumb Code     0  libspace.o(.text)
    __user_perthread_libspace                0x08005ec5   Thumb Code     0  libspace.o(.text)
    __I$use$semihosting                      0x08005ecd   Thumb Code     0  use_no_semi.o(.text)
    __use_no_semihosting_swi                 0x08005ecd   Thumb Code     2  use_no_semi.o(.text)
    __semihosting_library_function           0x08005ecf   Thumb Code     0  indicate_semi.o(.text)
    __rt_heap_descriptor                     0x08005ed1   Thumb Code     8  rt_heap_descriptor_intlibspace.o(.text)
    __use_no_heap                            0x08005ed9   Thumb Code     2  hguard.o(.text)
    __heap$guard                             0x08005edb   Thumb Code     2  hguard.o(.text)
    _terminate_user_alloc                    0x08005edd   Thumb Code     2  init_alloc.o(.text)
    _init_user_alloc                         0x08005edf   Thumb Code     2  init_alloc.o(.text)
    __Heap_Full                              0x08005ee1   Thumb Code    34  init_alloc.o(.text)
    __Heap_Broken                            0x08005f03   Thumb Code     6  init_alloc.o(.text)
    _init_alloc                              0x08005f09   Thumb Code    94  init_alloc.o(.text)
    malloc                                   0x08005f67   Thumb Code    94  h1_alloc.o(.text)
    _fseek                                   0x08005fc5   Thumb Code   242  fseek.o(.text)
    fseek                                    0x08005fc5   Thumb Code     0  fseek.o(.text)
    _seterr                                  0x080060bd   Thumb Code    20  stdio.o(.text)
    _writebuf                                0x080060d1   Thumb Code    84  stdio.o(.text)
    _fflush                                  0x08006125   Thumb Code    70  stdio.o(.text)
    _deferredlazyseek                        0x0800616b   Thumb Code    60  stdio.o(.text)
    __sig_exit                               0x080061ad   Thumb Code    10  defsig_exit.o(.text)
    __rt_SIGRTRED_inner                      0x080061b9   Thumb Code    14  defsig_rtred_inner.o(.text)
    strlen                                   0x080061ed   Thumb Code    62  strlen.o(.text)
    _sys_exit                                0x0800622d   Thumb Code     8  sys_exit.o(.text)
    __Heap_Initialize                        0x08006239   Thumb Code    10  h1_init.o(.text)
    __Heap_DescSize                          0x08006243   Thumb Code     4  h1_init.o(.text)
    __Heap_ProvideMemory                     0x08006247   Thumb Code    52  h1_extend.o(.text)
    _ftell_internal                          0x0800627b   Thumb Code    66  ftell.o(.text)
    ftell                                    0x0800627b   Thumb Code     0  ftell.o(.text)
    __default_signal_display                 0x080062bd   Thumb Code    50  defsig_general.o(.text)
    __rt_SIGRTMEM                            0x080062ef   Thumb Code    14  defsig_rtmem_outer.o(.text)
    _ttywrch                                 0x080062fd   Thumb Code    14  sys_wrch.o(.text)
    __aeabi_errno_addr                       0x0800630d   Thumb Code     8  rt_errno_addr_intlibspace.o(.text)
    __errno$intlibspace                      0x0800630d   Thumb Code     0  rt_errno_addr_intlibspace.o(.text)
    __rt_errno_addr$intlibspace              0x0800630d   Thumb Code     0  rt_errno_addr_intlibspace.o(.text)
    __rt_SIGRTMEM_inner                      0x08006315   Thumb Code    22  defsig_rtmem_inner.o(.text)
    _fp_init                                 0x08006365   Thumb Code    10  fpinit.o(x$fpl$fpinit)
    __fplib_config_fpu_vfp                   0x0800636d   Thumb Code     0  fpinit.o(x$fpl$fpinit)
    __fplib_config_pureend_doubles           0x0800636d   Thumb Code     0  fpinit.o(x$fpl$fpinit)
    char_1206                                0x0800636e   Data        1140  lcd.o(.constdata)
    char_1608                                0x080067e2   Data        1520  lcd.o(.constdata)
    char_2412                                0x08006dd2   Data        4560  lcd.o(.constdata)
    month_amendBuf                           0x08007fa2   Data          12  rtc.o(.constdata)
    FSMC_DefaultTimingStruct                 0x08007fb0   Data          28  stm32f4xx_fsmc.o(.constdata)
    __stdin_name                             0x08007fcc   Data           4  sys_io.o(.constdata)
    __stdout_name                            0x08007fd0   Data           4  sys_io.o(.constdata)
    __stderr_name                            0x08007fd4   Data           4  sys_io.o(.constdata)
    Region$$Table$$Base                      0x0800801c   Number         0  anon$$obj.o(Region$$Table)
    Region$$Table$$Limit                     0x0800803c   Number         0  anon$$obj.o(Region$$Table)
    weekdate                                 0x20000000   Data          28  main.o(.data)
    SystemCoreClock                          0x2000001c   Data           4  system_stm32f4xx.o(.data)
    AHBPrescTable                            0x20000020   Data          16  system_stm32f4xx.o(.data)
    keydown_data                             0x20000030   Data           1  key.o(.data)
    keyup_data                               0x20000031   Data           1  key.o(.data)
    key_time                                 0x20000032   Data           2  key.o(.data)
    key_tem                                  0x20000034   Data           1  key.o(.data)
    key_bak                                  0x20000035   Data           1  key.o(.data)
    BRUSH_COLOR                              0x20000036   Data           2  lcd.o(.data)
    BACK_COLOR                               0x20000038   Data           2  lcd.o(.data)
    lcd_id                                   0x2000003a   Data           2  lcd.o(.data)
    dir_flag                                 0x2000003c   Data           1  lcd.o(.data)
    lcd_width                                0x2000003e   Data           2  lcd.o(.data)
    lcd_height                               0x20000040   Data           2  lcd.o(.data)
    write_gramcmd                            0x20000042   Data           2  lcd.o(.data)
    setxcmd                                  0x20000044   Data           2  lcd.o(.data)
    setycmd                                  0x20000046   Data           2  lcd.o(.data)
    uart_byte_count4                         0x20000048   Data           1  usart4_wifi.o(.data)
    APP_mode                                 0x20000049   Data           1  usart4_wifi.o(.data)
    MODE                                     0x2000004a   Data          14  usart4_wifi.o(.data)
    Router                                   0x20000058   Data          43  usart4_wifi.o(.data)
    RST                                      0x20000083   Data           9  usart4_wifi.o(.data)
    M_Connection                             0x2000008c   Data          14  usart4_wifi.o(.data)
    SERVER                                   0x2000009a   Data          22  usart4_wifi.o(.data)
    SEND                                     0x200000b0   Data          14  usart4_wifi.o(.data)
    RTC_TimeStruct                           0x200000be   Data           4  rtc.o(.data)
    RTC_DateStruct                           0x200000c2   Data           4  rtc.o(.data)
    NVIC_InitStructure                       0x200000c6   Data           4  rtc.o(.data)
    Receive_ok3                              0x200000ca   Data           1  usart3.o(.data)
    uart3_byte_count                         0x200000cb   Data           1  usart3.o(.data)
    uart_byte_count                          0x200000d0   Data           1  usart1.o(.data)
    n                                        0x200000d4   Data           4  usart1.o(.data)
    __aeabi_stdin                            0x200000ec   Data           4  stdio_streams.o(.data)
    __aeabi_stdout                           0x200000f0   Data           4  stdio_streams.o(.data)
    __aeabi_stderr                           0x200000f4   Data           4  stdio_streams.o(.data)
    receive_str4                             0x200000f8   Data         200  usart4_wifi.o(.bss)
    TEMP_data3                               0x200001c0   Data          20  usart3.o(.bss)
    rebuf3                                   0x200001d4   Data          20  usart3.o(.bss)
    receive_str3                             0x200001e8   Data         100  usart3.o(.bss)
    receive_str                              0x20000260   Data         100  usart1.o(.bss)
    __stdin                                  0x200002c4   Data          84  stdio_streams.o(.bss)
    __stdout                                 0x20000318   Data          84  stdio_streams.o(.bss)
    __stderr                                 0x2000036c   Data          84  stdio_streams.o(.bss)
    __libspace_start                         0x200003c0   Data          96  libspace.o(.bss)
    __temporary_stack_top$libspace           0x20000420   Data           0  libspace.o(.bss)



==============================================================================

Memory Map of the image

  Image Entry point : 0x08000189

  Load Region LR_IROM1 (Base: 0x08000000, Size: 0x00008134, Max: 0x00100000, ABSOLUTE)

    Execution Region ER_IROM1 (Base: 0x08000000, Size: 0x0000803c, Max: 0x00100000, ABSOLUTE)

    Base Addr    Size         Type   Attr      Idx    E Section Name        Object

    0x08000000   0x00000188   Data   RO          200    RESET               startup_stm32f40_41xxx.o
    0x08000188   0x00000008   Code   RO          729  * !!!main             c_w.l(__main.o)
    0x08000190   0x00000034   Code   RO         1068    !!!scatter          c_w.l(__scatter.o)
    0x080001c4   0x0000001a   Code   RO         1070    !!handler_copy      c_w.l(__scatter_copy.o)
    0x080001de   0x00000002   PAD
    0x080001e0   0x0000001c   Code   RO         1072    !!handler_zi        c_w.l(__scatter_zi.o)
    0x080001fc   0x00000002   Code   RO          873    .ARM.Collect$$libinit$$00000000  c_w.l(libinit.o)
    0x080001fe   0x00000004   Code   RO          874    .ARM.Collect$$libinit$$00000001  c_w.l(libinit2.o)
    0x08000202   0x00000000   Code   RO          877    .ARM.Collect$$libinit$$00000004  c_w.l(libinit2.o)
    0x08000202   0x00000008   Code   RO          878    .ARM.Collect$$libinit$$00000005  c_w.l(libinit2.o)
    0x0800020a   0x00000000   Code   RO          880    .ARM.Collect$$libinit$$0000000A  c_w.l(libinit2.o)
    0x0800020a   0x00000000   Code   RO          882    .ARM.Collect$$libinit$$0000000C  c_w.l(libinit2.o)
    0x0800020a   0x00000000   Code   RO          884    .ARM.Collect$$libinit$$0000000E  c_w.l(libinit2.o)
    0x0800020a   0x00000000   Code   RO          887    .ARM.Collect$$libinit$$00000011  c_w.l(libinit2.o)
    0x0800020a   0x00000000   Code   RO          889    .ARM.Collect$$libinit$$00000013  c_w.l(libinit2.o)
    0x0800020a   0x00000000   Code   RO          891    .ARM.Collect$$libinit$$00000015  c_w.l(libinit2.o)
    0x0800020a   0x00000000   Code   RO          893    .ARM.Collect$$libinit$$00000017  c_w.l(libinit2.o)
    0x0800020a   0x00000000   Code   RO          895    .ARM.Collect$$libinit$$00000019  c_w.l(libinit2.o)
    0x0800020a   0x00000000   Code   RO          897    .ARM.Collect$$libinit$$0000001B  c_w.l(libinit2.o)
    0x0800020a   0x00000000   Code   RO          899    .ARM.Collect$$libinit$$0000001D  c_w.l(libinit2.o)
    0x0800020a   0x00000000   Code   RO          901    .ARM.Collect$$libinit$$0000001F  c_w.l(libinit2.o)
    0x0800020a   0x00000000   Code   RO          903    .ARM.Collect$$libinit$$00000021  c_w.l(libinit2.o)
    0x0800020a   0x00000000   Code   RO          905    .ARM.Collect$$libinit$$00000023  c_w.l(libinit2.o)
    0x0800020a   0x00000004   Code   RO          906    .ARM.Collect$$libinit$$00000024  c_w.l(libinit2.o)
    0x0800020e   0x00000000   Code   RO          907    .ARM.Collect$$libinit$$00000025  c_w.l(libinit2.o)
    0x0800020e   0x00000000   Code   RO          911    .ARM.Collect$$libinit$$0000002C  c_w.l(libinit2.o)
    0x0800020e   0x00000000   Code   RO          913    .ARM.Collect$$libinit$$0000002E  c_w.l(libinit2.o)
    0x0800020e   0x00000000   Code   RO          915    .ARM.Collect$$libinit$$00000030  c_w.l(libinit2.o)
    0x0800020e   0x00000000   Code   RO          917    .ARM.Collect$$libinit$$00000032  c_w.l(libinit2.o)
    0x0800020e   0x00000002   Code   RO          918    .ARM.Collect$$libinit$$00000033  c_w.l(libinit2.o)
    0x08000210   0x00000002   Code   RO         1047    .ARM.Collect$$libshutdown$$00000000  c_w.l(libshutdown.o)
    0x08000212   0x00000000   Code   RO          920    .ARM.Collect$$libshutdown$$00000002  c_w.l(libshutdown2.o)
    0x08000212   0x00000000   Code   RO          922    .ARM.Collect$$libshutdown$$00000004  c_w.l(libshutdown2.o)
    0x08000212   0x00000004   Code   RO          923    .ARM.Collect$$libshutdown$$00000005  c_w.l(libshutdown2.o)
    0x08000216   0x00000000   Code   RO          924    .ARM.Collect$$libshutdown$$00000006  c_w.l(libshutdown2.o)
    0x08000216   0x00000000   Code   RO          927    .ARM.Collect$$libshutdown$$00000009  c_w.l(libshutdown2.o)
    0x08000216   0x00000000   Code   RO          930    .ARM.Collect$$libshutdown$$0000000C  c_w.l(libshutdown2.o)
    0x08000216   0x00000000   Code   RO          932    .ARM.Collect$$libshutdown$$0000000E  c_w.l(libshutdown2.o)
    0x08000216   0x00000000   Code   RO          935    .ARM.Collect$$libshutdown$$00000011  c_w.l(libshutdown2.o)
    0x08000216   0x00000002   Code   RO          936    .ARM.Collect$$libshutdown$$00000012  c_w.l(libshutdown2.o)
    0x08000218   0x00000000   Code   RO          743    .ARM.Collect$$rtentry$$00000000  c_w.l(__rtentry.o)
    0x08000218   0x00000000   Code   RO          758    .ARM.Collect$$rtentry$$00000002  c_w.l(__rtentry2.o)
    0x08000218   0x00000006   Code   RO          770    .ARM.Collect$$rtentry$$00000004  c_w.l(__rtentry4.o)
    0x0800021e   0x00000000   Code   RO          760    .ARM.Collect$$rtentry$$00000009  c_w.l(__rtentry2.o)
    0x0800021e   0x00000004   Code   RO          761    .ARM.Collect$$rtentry$$0000000A  c_w.l(__rtentry2.o)
    0x08000222   0x00000000   Code   RO          763    .ARM.Collect$$rtentry$$0000000C  c_w.l(__rtentry2.o)
    0x08000222   0x00000008   Code   RO          764    .ARM.Collect$$rtentry$$0000000D  c_w.l(__rtentry2.o)
    0x0800022a   0x00000002   Code   RO          943    .ARM.Collect$$rtexit$$00000000  c_w.l(rtexit.o)
    0x0800022c   0x00000000   Code   RO          993    .ARM.Collect$$rtexit$$00000002  c_w.l(rtexit2.o)
    0x0800022c   0x00000004   Code   RO          994    .ARM.Collect$$rtexit$$00000003  c_w.l(rtexit2.o)
    0x08000230   0x00000006   Code   RO          995    .ARM.Collect$$rtexit$$00000004  c_w.l(rtexit2.o)
    0x08000236   0x00000002   PAD
    0x08000238   0x00000000   Code   RO          999    .emb_text           c_w.l(maybetermalloc1.o)
    0x08000238   0x000003dc   Code   RO            3    .text               main.o
    0x08000614   0x0000001a   Code   RO          177    .text               stm32f4xx_it.o
    0x0800062e   0x00000002   PAD
    0x08000630   0x00000040   Code   RO          201    .text               startup_stm32f40_41xxx.o
    0x08000670   0x00000210   Code   RO          207    .text               system_stm32f4xx.o
    0x08000880   0x00000108   Code   RO          233    .text               key.o
    0x08000988   0x00000058   Code   RO          259    .text               led.o
    0x080009e0   0x00000de0   Code   RO          279    .text               lcd.o
    0x080017c0   0x0000003c   Code   RO          312    .text               beep.o
    0x080017fc   0x000005fc   Code   RO          332    .text               usart4_wifi.o
    0x08001df8   0x000002e0   Code   RO          362    .text               rtc.o
    0x080020d8   0x000001fc   Code   RO          412    .text               usart3.o
    0x080022d4   0x00000318   Code   RO          483    .text               usart1.o
    0x080025ec   0x000000e0   Code   RO          510    .text               misc.o
    0x080026cc   0x00000294   Code   RO          530    .text               stm32f4xx_gpio.o
    0x08002960   0x0000065c   Code   RO          550    .text               stm32f4xx_rcc.o
    0x08002fbc   0x00000454   Code   RO          572    .text               stm32f4xx_usart.o
    0x08003410   0x000005c8   Code   RO          592    .text               stm32f4xx_fsmc.o
    0x080039d8   0x00000d68   Code   RO          615    .text               stm32f4xx_rtc.o
    0x08004740   0x0000016c   Code   RO          635    .text               stm32f4xx_pwr.o
    0x080048ac   0x00000110   Code   RO          655    .text               stm32f4xx_exti.o
    0x080049bc   0x00000ca2   Code   RO          675    .text               stm32f4xx_tim.o
    0x0800565e   0x00000002   PAD
    0x08005660   0x0000031c   Code   RO          696    .text               common.o
    0x0800597c   0x00000018   Code   RO          723    .text               c_w.l(noretval__2printf.o)
    0x08005994   0x00000080   Code   RO          725    .text               c_w.l(strcmpv7m.o)
    0x08005a14   0x00000006   Code   RO          727    .text               c_w.l(heapauxi.o)
    0x08005a1a   0x00000002   PAD
    0x08005a1c   0x00000024   Code   RO          744    .text               c_w.l(_printf_char_file.o)
    0x08005a40   0x00000030   Code   RO          772    .text               c_w.l(_printf_char_common.o)
    0x08005a70   0x00000008   Code   RO          774    .text               c_w.l(ferror.o)
    0x08005a78   0x00000138   Code   RO          776    .text               c_w.l(initio.o)
    0x08005bb0   0x00000066   Code   RO          782    .text               c_w.l(sys_io.o)
    0x08005c16   0x0000004a   Code   RO          789    .text               c_w.l(sys_stackheap_outer.o)
    0x08005c60   0x0000004e   Code   RO          793    .text               c_w.l(h1_free.o)
    0x08005cae   0x00000028   Code   RO          847    .text               c_w.l(__printf_nopercent.o)
    0x08005cd6   0x00000046   Code   RO          849    .text               c_w.l(setvbuf.o)
    0x08005d1c   0x000000ec   Code   RO          852    .text               c_w.l(fopen.o)
    0x08005e08   0x0000004c   Code   RO          854    .text               c_w.l(fclose.o)
    0x08005e54   0x00000012   Code   RO          860    .text               c_w.l(exit.o)
    0x08005e66   0x0000000e   Code   RO          862    .text               c_w.l(defsig_rtred_outer.o)
    0x08005e74   0x0000004e   Code   RO          866    .text               c_w.l(rt_memclr_w.o)
    0x08005ec2   0x00000002   PAD
    0x08005ec4   0x00000008   Code   RO          937    .text               c_w.l(libspace.o)
    0x08005ecc   0x00000002   Code   RO          940    .text               c_w.l(use_no_semi.o)
    0x08005ece   0x00000000   Code   RO          942    .text               c_w.l(indicate_semi.o)
    0x08005ece   0x00000002   PAD
    0x08005ed0   0x00000008   Code   RO          950    .text               c_w.l(rt_heap_descriptor_intlibspace.o)
    0x08005ed8   0x00000004   Code   RO          952    .text               c_w.l(hguard.o)
    0x08005edc   0x0000008a   Code   RO          954    .text               c_w.l(init_alloc.o)
    0x08005f66   0x0000005e   Code   RO          960    .text               c_w.l(h1_alloc.o)
    0x08005fc4   0x000000f8   Code   RO          974    .text               c_w.l(fseek.o)
    0x080060bc   0x000000f0   Code   RO          976    .text               c_w.l(stdio.o)
    0x080061ac   0x0000000a   Code   RO          978    .text               c_w.l(defsig_exit.o)
    0x080061b6   0x00000002   PAD
    0x080061b8   0x00000034   Code   RO          980    .text               c_w.l(defsig_rtred_inner.o)
    0x080061ec   0x0000003e   Code   RO          982    .text               c_w.l(strlen.o)
    0x0800622a   0x00000002   PAD
    0x0800622c   0x0000000c   Code   RO          990    .text               c_w.l(sys_exit.o)
    0x08006238   0x0000000e   Code   RO         1001    .text               c_w.l(h1_init.o)
    0x08006246   0x00000034   Code   RO         1003    .text               c_w.l(h1_extend.o)
    0x0800627a   0x00000042   Code   RO         1009    .text               c_w.l(ftell.o)
    0x080062bc   0x00000032   Code   RO         1013    .text               c_w.l(defsig_general.o)
    0x080062ee   0x0000000e   Code   RO         1015    .text               c_w.l(defsig_rtmem_outer.o)
    0x080062fc   0x0000000e   Code   RO         1028    .text               c_w.l(sys_wrch.o)
    0x0800630a   0x00000002   PAD
    0x0800630c   0x00000008   Code   RO         1035    .text               c_w.l(rt_errno_addr_intlibspace.o)
    0x08006314   0x00000050   Code   RO         1041    .text               c_w.l(defsig_rtmem_inner.o)
    0x08006364   0x0000000a   Code   RO          988    x$fpl$fpinit        fz_wm.l(fpinit.o)
    0x0800636e   0x00001c34   Data   RO          280    .constdata          lcd.o
    0x08007fa2   0x0000000c   Data   RO          363    .constdata          rtc.o
    0x08007fae   0x00000002   PAD
    0x08007fb0   0x0000001c   Data   RO          593    .constdata          stm32f4xx_fsmc.o
    0x08007fcc   0x00000004   Data   RO          783    .constdata          c_w.l(sys_io.o)
    0x08007fd0   0x00000004   Data   RO          784    .constdata          c_w.l(sys_io.o)
    0x08007fd4   0x00000004   Data   RO          785    .constdata          c_w.l(sys_io.o)
    0x08007fd8   0x00000041   Data   RO            4    .conststring        main.o
    0x08008019   0x00000003   PAD
    0x0800801c   0x00000020   Data   RO         1066    Region$$Table       anon$$obj.o


    Execution Region RW_IRAM1 (Base: 0x20000000, Size: 0x00000a20, Max: 0x00020000, ABSOLUTE)

    Base Addr    Size         Type   Attr      Idx    E Section Name        Object

    0x20000000   0x0000001c   Data   RW            5    .data               main.o
    0x2000001c   0x00000014   Data   RW          208    .data               system_stm32f4xx.o
    0x20000030   0x00000006   Data   RW          234    .data               key.o
    0x20000036   0x00000012   Data   RW          281    .data               lcd.o
    0x20000048   0x00000076   Data   RW          334    .data               usart4_wifi.o
    0x200000be   0x0000000c   Data   RW          364    .data               rtc.o
    0x200000ca   0x00000003   Data   RW          414    .data               usart3.o
    0x200000cd   0x00000003   PAD
    0x200000d0   0x00000008   Data   RW          485    .data               usart1.o
    0x200000d8   0x00000010   Data   RW          551    .data               stm32f4xx_rcc.o
    0x200000e8   0x00000004   Data   RW          697    .data               common.o
    0x200000ec   0x00000004   Data   RW          749    .data               c_w.l(stdio_streams.o)
    0x200000f0   0x00000004   Data   RW          750    .data               c_w.l(stdio_streams.o)
    0x200000f4   0x00000004   Data   RW          751    .data               c_w.l(stdio_streams.o)
    0x200000f8   0x000000c8   Zero   RW          333    .bss                usart4_wifi.o
    0x200001c0   0x000000a0   Zero   RW          413    .bss                usart3.o
    0x20000260   0x00000064   Zero   RW          484    .bss                usart1.o
    0x200002c4   0x00000054   Zero   RW          746    .bss                c_w.l(stdio_streams.o)
    0x20000318   0x00000054   Zero   RW          747    .bss                c_w.l(stdio_streams.o)
    0x2000036c   0x00000054   Zero   RW          748    .bss                c_w.l(stdio_streams.o)
    0x200003c0   0x00000060   Zero   RW          938    .bss                c_w.l(libspace.o)
    0x20000420   0x00000200   Zero   RW          199    HEAP                startup_stm32f40_41xxx.o
    0x20000620   0x00000400   Zero   RW          198    STACK               startup_stm32f40_41xxx.o


==============================================================================

Image component sizes


      Code (inc. data)   RO Data    RW Data    ZI Data      Debug   Object Name

        60          4          0          0          0        548   beep.o
       796         40          0          4          0       2702   common.o
       264         28          0          6          0       1287   key.o
      3552        146       7220         18          0      10820   lcd.o
        88          8          0          0          0        563   led.o
       988        292         65         28          0     312199   main.o
       224         20          0          0          0       1913   misc.o
       736         16         12         12          0       4108   rtc.o
        64         26        392          0       1536        872   startup_stm32f40_41xxx.o
       272         10          0          0          0       2383   stm32f4xx_exti.o
      1480         18         28          0          0       5778   stm32f4xx_fsmc.o
       660         44          0          0          0       4257   stm32f4xx_gpio.o
        26          0          0          0          0       1266   stm32f4xx_it.o
       364         12          0          0          0       3835   stm32f4xx_pwr.o
      1628         52          0         16          0      13164   stm32f4xx_rcc.o
      3432         44          0          0          0      15532   stm32f4xx_rtc.o
      3234         60          0          0          0      23112   stm32f4xx_tim.o
      1108         34          0          0          0       7980   stm32f4xx_usart.o
       528         46          0         20          0       1971   system_stm32f4xx.o
       792        150          0          8        100       3248   usart1.o
       508         26          0          3        160       3173   usart3.o
      1532        384          0        118        200       3443   usart4_wifi.o

    ----------------------------------------------------------------------
     22340       1460       7754        236       1996     424154   Object Totals
         0          0         32          0          0          0   (incl. Generated)
         4          0          5          3          0          0   (incl. Padding)

    ----------------------------------------------------------------------

      Code (inc. data)   RO Data    RW Data    ZI Data      Debug   Library Member Name

         8          0          0          0          0         68   __main.o
        40          0          0          0          0         84   __printf_nopercent.o
         0          0          0          0          0          0   __rtentry.o
        12          0          0          0          0          0   __rtentry2.o
         6          0          0          0          0          0   __rtentry4.o
        52          8          0          0          0          0   __scatter.o
        26          0          0          0          0          0   __scatter_copy.o
        28          0          0          0          0          0   __scatter_zi.o
        48          6          0          0          0         96   _printf_char_common.o
        36          4          0          0          0         80   _printf_char_file.o
        10          0          0          0          0         68   defsig_exit.o
        50          0          0          0          0         88   defsig_general.o
        80         58          0          0          0         76   defsig_rtmem_inner.o
        14          0          0          0          0         80   defsig_rtmem_outer.o
        52         38          0          0          0         76   defsig_rtred_inner.o
        14          0          0          0          0         80   defsig_rtred_outer.o
        18          0          0          0          0         80   exit.o
        76          0          0          0          0         88   fclose.o
         8          0          0          0          0         68   ferror.o
       236          4          0          0          0        128   fopen.o
       248          6          0          0          0         84   fseek.o
        66          0          0          0          0         76   ftell.o
        94          0          0          0          0         80   h1_alloc.o
        52          0          0          0          0         68   h1_extend.o
        78          0          0          0          0         80   h1_free.o
        14          0          0          0          0         84   h1_init.o
         6          0          0          0          0        152   heapauxi.o
         4          0          0          0          0        136   hguard.o
         0          0          0          0          0          0   indicate_semi.o
       138          0          0          0          0        168   init_alloc.o
       312         46          0          0          0        112   initio.o
         2          0          0          0          0          0   libinit.o
        18          0          0          0          0          0   libinit2.o
         2          0          0          0          0          0   libshutdown.o
         6          0          0          0          0          0   libshutdown2.o
         8          4          0          0         96         68   libspace.o
         0          0          0          0          0          0   maybetermalloc1.o
        24          4          0          0          0         84   noretval__2printf.o
         8          4          0          0          0         68   rt_errno_addr_intlibspace.o
         8          4          0          0          0         68   rt_heap_descriptor_intlibspace.o
        78          0          0          0          0         80   rt_memclr_w.o
         2          0          0          0          0          0   rtexit.o
        10          0          0          0          0          0   rtexit2.o
        70          0          0          0          0         80   setvbuf.o
       240          6          0          0          0        156   stdio.o
         0          0          0         12        252          0   stdio_streams.o
       128          0          0          0          0         68   strcmpv7m.o
        62          0          0          0          0         76   strlen.o
        12          4          0          0          0         68   sys_exit.o
       102          0         12          0          0        240   sys_io.o
        74          0          0          0          0         80   sys_stackheap_outer.o
        14          0          0          0          0         76   sys_wrch.o
         2          0          0          0          0         68   use_no_semi.o
        10          0          0          0          0        116   fpinit.o

    ----------------------------------------------------------------------
      2722        196         12         12        348       3596   Library Totals
        16          0          0          0          0          0   (incl. Padding)

    ----------------------------------------------------------------------

      Code (inc. data)   RO Data    RW Data    ZI Data      Debug   Library Name

      2696        196         12         12        348       3480   c_w.l
        10          0          0          0          0        116   fz_wm.l

    ----------------------------------------------------------------------
      2722        196         12         12        348       3596   Library Totals

    ----------------------------------------------------------------------

==============================================================================


      Code (inc. data)   RO Data    RW Data    ZI Data      Debug   

     25062       1656       7766        248       2344     420730   Grand Totals
     25062       1656       7766        248       2344     420730   ELF Image Totals
     25062       1656       7766        248          0          0   ROM Totals

==============================================================================

    Total RO  Size (Code + RO Data)                32828 (  32.06kB)
    Total RW  Size (RW Data + ZI Data)              2592 (   2.53kB)
    Total ROM Size (Code + RO Data + RW Data)      33076 (  32.30kB)

==============================================================================

