<html>
<body>
<pre>
<h1>礦ision Build Log</h1>
<h2>Tool Versions:</h2>
IDE-Version: μVision V5.14.2
Copyright (C) 2015 ARM Ltd and ARM Germany GmbH. All rights reserved.
License Information: Cortex-M4, a, LIC=D0D7S-LAQL8-RACDM-X5HL8-4FU8J-TII62
 
Tool Versions:
Toolchain:       MDK-ARM Standard  Version: 5.36.0.0
Toolchain Path:  D:\software\keil5\ARM\ARMCC\Bin
C Compiler:      Armcc.exe V5.06 update 7 (build 960)
Assembler:       Armasm.exe V5.06 update 7 (build 960)
Linker/Locator:  ArmLink.exe V5.06 update 7 (build 960)
Library Manager: ArmAr.exe V5.06 update 7 (build 960)
Hex Converter:   FromElf.exe V5.06 update 7 (build 960)
CPU DLL:         SARMCM3.DLL V5.36.0.0
Dialog DLL:      DCM.DLL V1.17.3.0
Target DLL:      CMSIS_AGDI.dll V1.33.0.0
Dialog DLL:      TCM.DLL V1.53.0.0
 
<h2>Project:</h2>
E:\stm32代码\实验12 可实现按键控制压面机正反转的代码\Project\LCD.uvprojx
Project File Date:  10/28/2021

<h2>Output:</h2>
*** Using Compiler 'V5.06 update 7 (build 960)', folder: 'D:\software\keil5\ARM\ARMCC\Bin'
Build target 'Target 1'
compiling main.c...
..\Main\main.c(28): warning:  #177-D: variable "buf"  was declared but never referenced
    u8 buf[100] = "0123456789";//字符数组，可以保存字符串
..\Main\main.c: 1 warning, 0 errors
compiling stm32f4xx_it.c...
assembling startup_stm32f40_41xxx.s...
compiling system_stm32f4xx.c...
compiling lcd.c...
compiling led.c...
compiling key.c...
compiling tim.c...
compiling gpiod.c...
compiling misc.c...
compiling stm32f4xx_gpio.c...
compiling stm32f4xx_fsmc.c...
compiling stm32f4xx_rcc.c...
compiling stm32f4xx_usart.c...
compiling stm32f4xx_tim.c...
compiling common.c...
linking...
Program Size: Code=13708 RO-data=7772 RW-data=64 ZI-data=1632  
FromELF: creating hex file...
".\OBJ\LCD.axf" - 0 Error(s), 1 Warning(s).

<h2>Software Packages used:</h2>

Package Vendor: ARM
                http://www.keil.com/pack/ARM.CMSIS.5.8.0.pack
                ARM::CMSIS:CORE:5.5.0
                CMSIS (Common Microcontroller Software Interface Standard)
   * Component: CORE Version: 5.5.0

<h2>Collection of Component include folders:</h2>
  E:\stm32代码\实验12 可实现按键控制压面机正反转的代码\Project\RTE
  D:\software\keil5\ARM\CMSIS\5.8.0\CMSIS\Core\Include
  D:\software\keil5\Keil\STM32F4xx_DFP\2.9.0\Drivers\CMSIS\Device\ST\STM32F4xx\Include

<h2>Collection of Component Files used:</h2>

   * Component: ARM::CMSIS:CORE:5.5.0
      Include file:  CMSIS\Core\Include\tz_context.h
      Source file:   CMSIS\Core\Template\ARMv8-M\tz_context.c
      Source file:   CMSIS\Core\Template\ARMv8-M\main_s.c
</pre>
</body>
</html>
