<html>
<body>
<pre>
<h1>礦ision Build Log</h1>
<h2>Tool Versions:</h2>
IDE-Version: μVision V5.21.1.0
Copyright (C) 2016 ARM Ltd and ARM Germany GmbH. All rights reserved.
License Information: a a, a, LIC=03C6R-KV9VQ-UHK8H-WD9U0-4TU5U-YG348
 
Tool Versions:
Toolchain:       MDK-ARM Plus  Version: 5.21a
Toolchain Path:  D:\software\keil5\UV4\ARM\ARMCC\Bin
C Compiler:      Armcc.exe V5.06 update 3 (build 300)
Assembler:       Armasm.exe V5.06 update 3 (build 300)
Linker/Locator:  ArmLink.exe V5.06 update 3 (build 300)
Library Manager: ArmAr.exe V5.06 update 3 (build 300)
Hex Converter:   FromElf.exe V5.06 update 3 (build 300)
CPU DLL:         SARMCM3.DLL V5.21a
Dialog DLL:      DCM.DLL V1.13.8.0
Target DLL:      CMSIS_AGDI.dll V1.26.5.0
Dialog DLL:      TCM.DLL V1.14.14.0
 
<h2>Project:</h2>
E:\stm32代码\实验21：手机APP经wifi控制压面机\Project\WIFI.uvprojx
Project File Date:  10/11/2022

<h2>Output:</h2>
*** Using Compiler 'V5.06 update 3 (build 300)', folder: 'D:\software\keil5\UV4\ARM\ARMCC\Bin'
Build target 'Target 1'
assembling startup_stm32f40_41xxx.s...
compiling stm32f4xx_it.c...
compiling led.c...
compiling system_stm32f4xx.c...
compiling key.c...
compiling main.c...
..\Main\main.c(80): warning:  #223-D: function "uart4SendChar" declared implicitly
  		uart4SendChar('a');
..\Main\main.c: 1 warning, 0 errors
compiling lcd.c...
compiling beep.c...
compiling misc.c...
compiling usart4_wifi.c...
compiling DS18B20.c...
compiling stm32f4xx_gpio.c...
compiling rtc.c...
..\USER\RTC\rtc.c(77): warning:  #188-D: enumerated type mixed with another type
  	return ( RTC_SetDate(
TC_Format_BIN,&RTC_DateTypeInitStructure) && RTC_SetTime(
TC_Format_BIN,&RTC_TimeTypeInitStructure) );
..\USER\RTC\rtc.c: 1 warning, 0 errors
compiling stm32f4xx_rcc.c...
compiling stm32f4xx_usart.c...
compiling stm32f4xx_fsmc.c...
compiling stm32f4xx_exti.c...
compiling common.c...
compiling stm32f4xx_pwr.c...
compiling stm32f4xx_rtc.c...
linking...
Program Size: Code=17886 RO-data=7754 RW-data=224 ZI-data=1224  
FromELF: creating hex file...
".\OBJ\wifi.axf" - 0 Error(s), 2 Warning(s).

<h2>Collection of Component include folders:</h2>
  E:\stm32代码\实验21：手机APP经wifi控制压面机\Project\RTE
  D:\software\keil5\UV4\ARM\PACK\Keil\STM32F4xx_DFP\2.9.0\Drivers\CMSIS\Device\ST\STM32F4xx\Include

<h2>Collection of Component Files used:</h2>
Build Time Elapsed:  00:00:03
</pre>
</body>
</html>
